
****** Vitis HLS - High-Level Synthesis from C, C++ and OpenCL v2022.2 (64-bit)
  **** SW Build 3670227 on Oct 13 2022
  **** IP Build 3669848 on Fri Oct 14 08:30:02 MDT 2022
    ** Copyright 1986-2022 Xilinx, Inc. All Rights Reserved.

source /opt/xilinx/Vitis_HLS/2022.2/scripts/vitis_hls/hls.tcl -notrace
INFO: [HLS 200-10] Running '/opt/xilinx/Vitis_HLS/2022.2/bin/unwrapped/lnx64.o/vitis_hls'
INFO: [HLS 200-10] For user 'shuxuan' on host 'angamos' (Linux_x86_64 version 5.15.0-152-generic) on Fri Sep 19 18:43:49 BST 2025
INFO: [HLS 200-10] On os Ubuntu 22.04.4 LTS
INFO: [HLS 200-10] In directory '/home/shuxuan/SDMA'
WARNING: [HLS 200-40] Environment variable 'CPLUS_INCLUDE_PATH' is set to /home/shuxuan/llvm-project/install/include:/home/shuxuan/llvm-project/install/include:.
Sourcing Tcl script 'hls.tcl'
INFO: [HLS 200-1510] Running: open_project spmm_prj 
INFO: [HLS 200-10] Opening project '/home/shuxuan/SDMA/spmm_prj'.
INFO: [HLS 200-1510] Running: set_top spmm_hls 
INFO: [HLS 200-1510] Running: add_files src/spmm_device_fpga.cpp -cflags -std=c++17 
INFO: [HLS 200-10] Adding design file 'src/spmm_device_fpga.cpp' to the project
INFO: [HLS 200-1510] Running: add_files src/spmm_device_fpga.hpp 
INFO: [HLS 200-10] Adding design file 'src/spmm_device_fpga.hpp' to the project
INFO: [HLS 200-1510] Running: open_solution sol1 
INFO: [HLS 200-10] Opening solution '/home/shuxuan/SDMA/spmm_prj/sol1'.
INFO: [SYN 201-201] Setting up clock 'default' with a period of 4ns.
INFO: [HLS 200-1611] Setting target device to 'xcu280-fsvh2892-2L-e'
INFO: [HLS 200-1505] Using flow_target 'vivado'
Resolution: For help on HLS 200-1505 see www.xilinx.com/cgi-bin/docs/rdoc?v=2022.2;t=hls+guidance;d=200-1505.html
INFO: [HLS 200-1464] Running solution command: config_interface -m_axi_latency=0
INFO: [HLS 200-1464] Running solution command: config_export -format=xo
INFO: [HLS 200-1464] Running solution command: config_export -output=build_fpga/spmm_hls.xo
INFO: [HLS 200-1510] Running: set_part xcu280-fsvh2892-2L-e 
INFO: [HLS 200-1510] Running: create_clock -period 4.0 -name default 
INFO: [HLS 200-1510] Running: csynth_design 
Running Dispatch Server on port: 40361
INFO: [HLS 200-111] Finished File checks and directory preparation: CPU user time: 0.01 seconds. CPU system time: 0.02 seconds. Elapsed time: 10.04 seconds; current allocated memory: 732.820 MB.
INFO: [HLS 200-10] Analyzing design file 'src/spmm_device_fpga.cpp' ... 
INFO: [HLS 200-111] Finished Source Code Analysis and Preprocessing: CPU user time: 3.7 seconds. CPU system time: 0.71 seconds. Elapsed time: 4.42 seconds; current allocated memory: 733.070 MB.
INFO: [HLS 200-777] Using interface defaults for 'Vivado' flow target.
INFO: [HLS 214-291] Loop 'VITIS_LOOP_139_3' is marked as complete unroll implied by the pipeline pragma (src/spmm_device_fpga.cpp:139:31)
INFO: [HLS 214-291] Loop 'VITIS_LOOP_132_2' is marked as complete unroll implied by the pipeline pragma (src/spmm_device_fpga.cpp:132:31)
INFO: [HLS 214-291] Loop 'check_unroll_1' is marked as complete unroll implied by the pipeline pragma (src/spmm_device_fpga.cpp:83:5)
INFO: [HLS 214-291] Loop 'VITIS_LOOP_85_1' is marked as complete unroll implied by the pipeline pragma (src/spmm_device_fpga.cpp:85:19)
INFO: [HLS 214-291] Loop 'check_unroll_0' is marked as complete unroll implied by the pipeline pragma (src/spmm_device_fpga.cpp:69:5)
INFO: [HLS 214-291] Loop 'VITIS_LOOP_45_1' is marked as complete unroll implied by the pipeline pragma (src/spmm_device_fpga.cpp:45:26)
INFO: [HLS 214-291] Loop 'VITIS_LOOP_52_2' is marked as complete unroll implied by the pipeline pragma (src/spmm_device_fpga.cpp:52:30)
INFO: [HLS 214-186] Unrolling loop 'VITIS_LOOP_85_1' (src/spmm_device_fpga.cpp:85:19) in function 'pe_kernel_1' completely with a factor of 8 (src/spmm_device_fpga.cpp:80:0)
INFO: [HLS 214-178] Inlining function 'unpack_pcoo(ap_uint<64>)' into 'load_SpBuf(int, int, PCOO*, ap_uint<64> const*)' (src/spmm_device_fpga.cpp:19:0)
INFO: [HLS 214-248] Applying array_partition to 'buf0.eor': Complete partitioning on dimension 1. (src/spmm_device_fpga.cpp:170:7)
INFO: [HLS 214-248] Applying array_partition to 'buf0.col': Complete partitioning on dimension 1. (src/spmm_device_fpga.cpp:170:7)
INFO: [HLS 214-248] Applying array_partition to 'buf0.value': Complete partitioning on dimension 1. (src/spmm_device_fpga.cpp:170:7)
INFO: [HLS 214-248] Applying array_partition to 'buf1.eor': Complete partitioning on dimension 1. (src/spmm_device_fpga.cpp:171:10)
INFO: [HLS 214-248] Applying array_partition to 'buf1.col': Complete partitioning on dimension 1. (src/spmm_device_fpga.cpp:171:10)
INFO: [HLS 214-248] Applying array_partition to 'buf1.value': Complete partitioning on dimension 1. (src/spmm_device_fpga.cpp:171:10)
INFO: [HLS 214-248] Applying array_partition to 'map_buf0': Complete partitioning on dimension 1. (src/spmm_device_fpga.cpp:176:9)
INFO: [HLS 214-248] Applying array_partition to 'map_buf1': Complete partitioning on dimension 1. (src/spmm_device_fpga.cpp:177:9)
INFO: [HLS 214-248] Applying array_partition to 'Dense_Buf0': Cyclic partitioning with factor 8 on dimension 1. (src/spmm_device_fpga.cpp:180:8)
INFO: [HLS 214-248] Applying array_partition to 'Dense_Buf1': Cyclic partitioning with factor 8 on dimension 1. (src/spmm_device_fpga.cpp:181:11)
INFO: [HLS 214-248] Applying array_partition to 'Out_Buf0': Cyclic partitioning with factor 8 on dimension 1. (src/spmm_device_fpga.cpp:187:8)
INFO: [HLS 214-248] Applying array_partition to 'Out_Buf1': Cyclic partitioning with factor 8 on dimension 1. (src/spmm_device_fpga.cpp:188:11)
INFO: [HLS 214-115] Multiple burst reads of variable length and bit width 64 in loop 'VITIS_LOOP_21_1'(src/spmm_device_fpga.cpp:21:19) has been inferred on bundle 'gmem0'. These burst requests might be further partitioned into multiple requests during RTL generation, based on max_read_burst_length or max_write_burst_length settings. (src/spmm_device_fpga.cpp:21:19)
INFO: [HLS 200-111] Finished Compiling Optimization and Transform: CPU user time: 4.86 seconds. CPU system time: 0.65 seconds. Elapsed time: 5.54 seconds; current allocated memory: 733.777 MB.
INFO: [HLS 200-111] Finished Checking Pragmas: CPU user time: 0.01 seconds. CPU system time: 0 seconds. Elapsed time: 0 seconds; current allocated memory: 733.777 MB.
INFO: [HLS 200-10] Starting code transformations ...
INFO: [HLS 200-111] Finished Standard Transforms: CPU user time: 0.18 seconds. CPU system time: 0.03 seconds. Elapsed time: 0.21 seconds; current allocated memory: 746.676 MB.
INFO: [HLS 200-10] Checking synthesizability ...
WARNING: [SYNCHK 200-77] The top function 'spmm_hls' (src/spmm_device_fpga.cpp:149) has no outputs. Possible cause(s) are: (1) Output parameters are passed by value; (2) intended outputs (parameters or global variables) are never written; (3) there are infinite loops.
INFO: [SYNCHK 200-10] 0 error(s), 1 warning(s).
INFO: [HLS 200-111] Finished Checking Synthesizability: CPU user time: 0.26 seconds. CPU system time: 0.01 seconds. Elapsed time: 0.28 seconds; current allocated memory: 763.738 MB.
INFO: [XFORM 203-502] Unrolling all loops for pipelining in function 'pe_kernel_1' (src/spmm_device_fpga.cpp:76:17).
INFO: [XFORM 203-502] Unrolling all loops for pipelining in function 'pe_kernel_0' (src/spmm_device_fpga.cpp:62:5).
INFO: [XFORM 203-502] Unrolling all sub-loops inside loop 'load_dense_buf' (src/spmm_device_fpga.cpp:42) in function 'load_DenBuf_accoding_SpBuf' for pipelining.
WARNING: [HLS 200-932] Cannot unroll loop 'VITIS_LOOP_132_2' in function 'write_to_output' completely: infinite loop.
WARNING: [HLS 200-932] Cannot unroll loop 'VITIS_LOOP_139_3' in function 'write_to_output' completely: infinite loop.
WARNING: [HLS 200-932] Cannot unroll loop 'check_unroll_1' (src/spmm_device_fpga.cpp:83) in function 'pe_kernel_1' completely: variable loop bound.
WARNING: [HLS 200-936] Cannot unroll loop 'check_unroll_0' (src/spmm_device_fpga.cpp:69) in function 'pe_kernel_0': cannot completely unroll a loop with a variable trip count.
Resolution: For help on HLS 200-936 see www.xilinx.com/cgi-bin/docs/rdoc?v=2022.2;t=hls+guidance;d=200-936.html
WARNING: [HLS 200-936] Cannot unroll loop 'VITIS_LOOP_45_1' (src/spmm_device_fpga.cpp:45) in function 'load_DenBuf_accoding_SpBuf': cannot completely unroll a loop with a variable trip count.
Resolution: For help on HLS 200-936 see www.xilinx.com/cgi-bin/docs/rdoc?v=2022.2;t=hls+guidance;d=200-936.html
WARNING: [HLS 200-936] Cannot unroll loop 'VITIS_LOOP_52_2' (src/spmm_device_fpga.cpp:52) in function 'load_DenBuf_accoding_SpBuf': cannot completely unroll a loop with a variable trip count.
Resolution: For help on HLS 200-936 see www.xilinx.com/cgi-bin/docs/rdoc?v=2022.2;t=hls+guidance;d=200-936.html
INFO: [HLS 200-111] Finished Loop, function and other optimizations: CPU user time: 0.68 seconds. CPU system time: 0.02 seconds. Elapsed time: 0.71 seconds; current allocated memory: 800.109 MB.
WARNING: [HLS 200-960] Cannot flatten loop 'load_dense_buf' (src/spmm_device_fpga.cpp:42:13) in function 'load_DenBuf_accoding_SpBuf' more than one sub loop.
Resolution: For help on HLS 200-960 see www.xilinx.com/cgi-bin/docs/rdoc?v=2022.2;t=hls+guidance;d=200-960.html
INFO: [HLS 200-472] Inferring partial write operation for 'out_buf_0' (src/spmm_device_fpga.cpp:88:32)
INFO: [HLS 200-472] Inferring partial write operation for 'out_buf_0' (src/spmm_device_fpga.cpp:71:13)
INFO: [HLS 200-472] Inferring partial write operation for 'dense_ptr_0' (src/spmm_device_fpga.cpp:54:23)
INFO: [HLS 200-111] Finished Architecture Synthesis: CPU user time: 0.47 seconds. CPU system time: 0.05 seconds. Elapsed time: 0.52 seconds; current allocated memory: 899.207 MB.
INFO: [HLS 200-10] Starting hardware synthesis ...
INFO: [HLS 200-10] Synthesizing 'spmm_hls' ...
INFO: [HLS 200-10] ----------------------------------------------------------------
INFO: [HLS 200-42] -- Implementing module 'load_SpBuf_Pipeline_VITIS_LOOP_21_1' 
INFO: [HLS 200-10] ----------------------------------------------------------------
INFO: [SCHED 204-11] Starting scheduling ...
INFO: [SCHED 204-61] Pipelining loop 'VITIS_LOOP_21_1'.
INFO: [HLS 200-1470] Pipelining result : Target II = 1, Final II = 1, Depth = 2, loop 'VITIS_LOOP_21_1'
INFO: [SCHED 204-11] Finished scheduling.
INFO: [HLS 200-111] Finished Scheduling: CPU user time: 0.14 seconds. CPU system time: 0.03 seconds. Elapsed time: 0.18 seconds; current allocated memory: 903.305 MB.
INFO: [BIND 205-100] Starting micro-architecture generation ...
INFO: [BIND 205-101] Performing variable lifetime analysis.
INFO: [BIND 205-101] Exploring resource sharing.
INFO: [BIND 205-101] Binding ...
INFO: [BIND 205-100] Finished micro-architecture generation.
INFO: [HLS 200-111] Finished Binding: CPU user time: 0.03 seconds. CPU system time: 0 seconds. Elapsed time: 0.02 seconds; current allocated memory: 903.305 MB.
INFO: [HLS 200-10] ----------------------------------------------------------------
INFO: [HLS 200-42] -- Implementing module 'load_SpBuf' 
INFO: [HLS 200-10] ----------------------------------------------------------------
INFO: [SCHED 204-11] Starting scheduling ...
INFO: [SCHED 204-11] Finished scheduling.
INFO: [HLS 200-111] Finished Scheduling: CPU user time: 0.05 seconds. CPU system time: 0 seconds. Elapsed time: 0.05 seconds; current allocated memory: 903.305 MB.
INFO: [BIND 205-100] Starting micro-architecture generation ...
INFO: [BIND 205-101] Performing variable lifetime analysis.
INFO: [BIND 205-101] Exploring resource sharing.
INFO: [BIND 205-101] Binding ...
INFO: [BIND 205-100] Finished micro-architecture generation.
INFO: [HLS 200-111] Finished Binding: CPU user time: 0.05 seconds. CPU system time: 0 seconds. Elapsed time: 0.06 seconds; current allocated memory: 903.305 MB.
INFO: [HLS 200-10] ----------------------------------------------------------------
INFO: [HLS 200-42] -- Implementing module 'load_DenBuf_accoding_SpBuf_Pipeline_init_map_buf' 
INFO: [HLS 200-10] ----------------------------------------------------------------
INFO: [SCHED 204-11] Starting scheduling ...
INFO: [SCHED 204-61] Pipelining loop 'init_map_buf'.
INFO: [HLS 200-1470] Pipelining result : Target II = 1, Final II = 1, Depth = 1, loop 'init_map_buf'
INFO: [SCHED 204-11] Finished scheduling.
INFO: [HLS 200-111] Finished Scheduling: CPU user time: 0.06 seconds. CPU system time: 0.02 seconds. Elapsed time: 0.08 seconds; current allocated memory: 904.746 MB.
INFO: [BIND 205-100] Starting micro-architecture generation ...
INFO: [BIND 205-101] Performing variable lifetime analysis.
INFO: [BIND 205-101] Exploring resource sharing.
INFO: [BIND 205-101] Binding ...
INFO: [BIND 205-100] Finished micro-architecture generation.
INFO: [HLS 200-111] Finished Binding: CPU user time: 0.02 seconds. CPU system time: 0 seconds. Elapsed time: 0.02 seconds; current allocated memory: 904.746 MB.
INFO: [HLS 200-10] ----------------------------------------------------------------
INFO: [HLS 200-42] -- Implementing module 'load_DenBuf_accoding_SpBuf_Pipeline_VITIS_LOOP_52_2' 
INFO: [HLS 200-10] ----------------------------------------------------------------
INFO: [SCHED 204-11] Starting scheduling ...
WARNING: [SCHED 204-65] Unable to satisfy pipeline directive for function 'load_DenBuf_accoding_SpBuf_Pipeline_VITIS_LOOP_52_2': contains subloop(s) that are not unrolled.
INFO: [SCHED 204-61] Pipelining loop 'VITIS_LOOP_52_2'.
INFO: [HLS 200-1470] Pipelining result : Target II = 1, Final II = 1, Depth = 14, loop 'VITIS_LOOP_52_2'
INFO: [SCHED 204-11] Finished scheduling.
INFO: [HLS 200-111] Finished Scheduling: CPU user time: 0.1 seconds. CPU system time: 0 seconds. Elapsed time: 0.1 seconds; current allocated memory: 905.020 MB.
INFO: [BIND 205-100] Starting micro-architecture generation ...
INFO: [BIND 205-101] Performing variable lifetime analysis.
INFO: [BIND 205-101] Exploring resource sharing.
INFO: [BIND 205-101] Binding ...
INFO: [BIND 205-100] Finished micro-architecture generation.
INFO: [HLS 200-111] Finished Binding: CPU user time: 0.1 seconds. CPU system time: 0.01 seconds. Elapsed time: 0.1 seconds; current allocated memory: 905.020 MB.
INFO: [HLS 200-10] ----------------------------------------------------------------
INFO: [HLS 200-42] -- Implementing module 'load_DenBuf_accoding_SpBuf' 
INFO: [HLS 200-10] ----------------------------------------------------------------
INFO: [SCHED 204-11] Starting scheduling ...
INFO: [HLS 200-486] Changing DSP latency (root=mul_ln52) to 3 in order to utilize available DSP registers.
WARNING: [SCHED 204-65] Unable to satisfy pipeline directive for loop 'load_dense_buf': contains subloop(s) that are not unrolled or flattened.
INFO: [SCHED 204-11] Finished scheduling.
INFO: [HLS 200-111] Finished Scheduling: CPU user time: 0.16 seconds. CPU system time: 0 seconds. Elapsed time: 0.17 seconds; current allocated memory: 907.492 MB.
INFO: [BIND 205-100] Starting micro-architecture generation ...
INFO: [BIND 205-101] Performing variable lifetime analysis.
INFO: [BIND 205-101] Exploring resource sharing.
INFO: [BIND 205-101] Binding ...
INFO: [BIND 205-100] Finished micro-architecture generation.
INFO: [HLS 200-111] Finished Binding: CPU user time: 0.09 seconds. CPU system time: 0 seconds. Elapsed time: 0.1 seconds; current allocated memory: 907.492 MB.
INFO: [HLS 200-10] ----------------------------------------------------------------
INFO: [HLS 200-42] -- Implementing module 'pe_kernel_0' 
INFO: [HLS 200-10] ----------------------------------------------------------------
INFO: [SCHED 204-11] Starting scheduling ...
WARNING: [SCHED 204-65] Unable to satisfy pipeline directive for function 'pe_kernel_0': contains subloop(s) that are not unrolled.
INFO: [SCHED 204-11] Finished scheduling.
INFO: [HLS 200-111] Finished Scheduling: CPU user time: 0.21 seconds. CPU system time: 0.01 seconds. Elapsed time: 0.22 seconds; current allocated memory: 907.492 MB.
INFO: [BIND 205-100] Starting micro-architecture generation ...
INFO: [BIND 205-101] Performing variable lifetime analysis.
INFO: [BIND 205-101] Exploring resource sharing.
INFO: [BIND 205-101] Binding ...
INFO: [BIND 205-100] Finished micro-architecture generation.
INFO: [HLS 200-111] Finished Binding: CPU user time: 0.21 seconds. CPU system time: 0 seconds. Elapsed time: 0.2 seconds; current allocated memory: 907.492 MB.
INFO: [HLS 200-10] ----------------------------------------------------------------
INFO: [HLS 200-42] -- Implementing module 'pe_kernel_1_Pipeline_check_unroll_1' 
INFO: [HLS 200-10] ----------------------------------------------------------------
INFO: [SCHED 204-11] Starting scheduling ...
WARNING: [SCHED 204-65] Unable to satisfy pipeline directive for function 'pe_kernel_1_Pipeline_check_unroll_1': contains subloop(s) that are not unrolled.
INFO: [SCHED 204-61] Pipelining loop 'check_unroll_1'.
WARNING: [HLS 200-885] The II Violation in module 'pe_kernel_1_Pipeline_check_unroll_1' (loop 'check_unroll_1'): Unable to schedule 'store' operation ('out_buf_0_addr_write_ln88', src/spmm_device_fpga.cpp:88) of variable 'add', src/spmm_device_fpga.cpp:88 on array 'out_buf_0' due to limited memory ports (II = 1). Please consider using a memory core with more ports or partitioning the array 'out_buf_0'.
Resolution: For help on HLS 200-885 see www.xilinx.com/cgi-bin/docs/rdoc?v=2022.2;t=hls+guidance;d=200-885.html
WARNING: [HLS 200-885] The II Violation in module 'pe_kernel_1_Pipeline_check_unroll_1' (loop 'check_unroll_1'): Unable to schedule 'store' operation ('out_buf_0_addr_1_write_ln88', src/spmm_device_fpga.cpp:88) of variable 'add10_1', src/spmm_device_fpga.cpp:88 on array 'out_buf_0' due to limited memory ports (II = 2). Please consider using a memory core with more ports or partitioning the array 'out_buf_0'.
Resolution: For help on HLS 200-885 see www.xilinx.com/cgi-bin/docs/rdoc?v=2022.2;t=hls+guidance;d=200-885.html
WARNING: [HLS 200-885] The II Violation in module 'pe_kernel_1_Pipeline_check_unroll_1' (loop 'check_unroll_1'): Unable to schedule 'store' operation ('out_buf_0_addr_2_write_ln88', src/spmm_device_fpga.cpp:88) of variable 'add10_2', src/spmm_device_fpga.cpp:88 on array 'out_buf_0' due to limited memory ports (II = 3). Please consider using a memory core with more ports or partitioning the array 'out_buf_0'.
Resolution: For help on HLS 200-885 see www.xilinx.com/cgi-bin/docs/rdoc?v=2022.2;t=hls+guidance;d=200-885.html
WARNING: [HLS 200-885] The II Violation in module 'pe_kernel_1_Pipeline_check_unroll_1' (loop 'check_unroll_1'): Unable to schedule 'store' operation ('out_buf_0_addr_3_write_ln88', src/spmm_device_fpga.cpp:88) of variable 'add10_3', src/spmm_device_fpga.cpp:88 on array 'out_buf_0' due to limited memory ports (II = 4). Please consider using a memory core with more ports or partitioning the array 'out_buf_0'.
Resolution: For help on HLS 200-885 see www.xilinx.com/cgi-bin/docs/rdoc?v=2022.2;t=hls+guidance;d=200-885.html
WARNING: [HLS 200-885] The II Violation in module 'pe_kernel_1_Pipeline_check_unroll_1' (loop 'check_unroll_1'): Unable to schedule 'store' operation ('out_buf_5_addr_6_write_ln88', src/spmm_device_fpga.cpp:88) of variable 'add10_6', src/spmm_device_fpga.cpp:88 on array 'out_buf_5' due to limited memory ports (II = 7). Please consider using a memory core with more ports or partitioning the array 'out_buf_5'.
Resolution: For help on HLS 200-885 see www.xilinx.com/cgi-bin/docs/rdoc?v=2022.2;t=hls+guidance;d=200-885.html
WARNING: [HLS 200-885] The II Violation in module 'pe_kernel_1_Pipeline_check_unroll_1' (loop 'check_unroll_1'): Unable to schedule 'store' operation ('out_buf_6_addr_6_write_ln88', src/spmm_device_fpga.cpp:88) of variable 'add10_6', src/spmm_device_fpga.cpp:88 on array 'out_buf_6' due to limited memory ports (II = 8). Please consider using a memory core with more ports or partitioning the array 'out_buf_6'.
Resolution: For help on HLS 200-885 see www.xilinx.com/cgi-bin/docs/rdoc?v=2022.2;t=hls+guidance;d=200-885.html
INFO: [HLS 200-1470] Pipelining result : Target II = 1, Final II = 9, Depth = 86, loop 'check_unroll_1'
INFO: [SCHED 204-11] Finished scheduling.
INFO: [HLS 200-111] Finished Scheduling: CPU user time: 10.6 seconds. CPU system time: 0.01 seconds. Elapsed time: 10.62 seconds; current allocated memory: 915.531 MB.
INFO: [BIND 205-100] Starting micro-architecture generation ...
INFO: [BIND 205-101] Performing variable lifetime analysis.
INFO: [BIND 205-101] Exploring resource sharing.
INFO: [BIND 205-101] Binding ...
INFO: [BIND 205-100] Finished micro-architecture generation.
INFO: [HLS 200-111] Finished Binding: CPU user time: 1.26 seconds. CPU system time: 0.01 seconds. Elapsed time: 1.27 seconds; current allocated memory: 915.531 MB.
INFO: [HLS 200-10] ----------------------------------------------------------------
INFO: [HLS 200-42] -- Implementing module 'pe_kernel_1' 
INFO: [HLS 200-10] ----------------------------------------------------------------
INFO: [SCHED 204-11] Starting scheduling ...
WARNING: [SCHED 204-67] Unable to satisfy pipeline directive for function 'pe_kernel_1': contains subfunction 'pe_kernel_1_Pipeline_check_unroll_1' which is not pipelined.
INFO: [SCHED 204-11] Finished scheduling.
INFO: [HLS 200-111] Finished Scheduling: CPU user time: 0.94 seconds. CPU system time: 0.01 seconds. Elapsed time: 0.95 seconds; current allocated memory: 915.531 MB.
INFO: [BIND 205-100] Starting micro-architecture generation ...
INFO: [BIND 205-101] Performing variable lifetime analysis.
INFO: [BIND 205-101] Exploring resource sharing.
INFO: [BIND 205-101] Binding ...
INFO: [BIND 205-100] Finished micro-architecture generation.
INFO: [HLS 200-111] Finished Binding: CPU user time: 0.13 seconds. CPU system time: 0 seconds. Elapsed time: 0.13 seconds; current allocated memory: 915.531 MB.
INFO: [HLS 200-10] ----------------------------------------------------------------
INFO: [HLS 200-42] -- Implementing module 'compute_Pipeline_compute_loop' 
INFO: [HLS 200-10] ----------------------------------------------------------------
INFO: [SCHED 204-11] Starting scheduling ...
WARNING: [SCHED 204-67] Unable to satisfy pipeline directive for loop 'compute_loop': contains subfunction 'pe_kernel_0' which is not pipelined.
INFO: [SCHED 204-11] Finished scheduling.
INFO: [HLS 200-111] Finished Scheduling: CPU user time: 0.35 seconds. CPU system time: 0 seconds. Elapsed time: 0.36 seconds; current allocated memory: 916.156 MB.
INFO: [BIND 205-100] Starting micro-architecture generation ...
INFO: [BIND 205-101] Performing variable lifetime analysis.
INFO: [BIND 205-101] Exploring resource sharing.
INFO: [BIND 205-101] Binding ...
INFO: [BIND 205-100] Finished micro-architecture generation.
INFO: [HLS 200-111] Finished Binding: CPU user time: 0.81 seconds. CPU system time: 0.01 seconds. Elapsed time: 0.82 seconds; current allocated memory: 916.156 MB.
INFO: [HLS 200-10] ----------------------------------------------------------------
INFO: [HLS 200-42] -- Implementing module 'compute' 
INFO: [HLS 200-10] ----------------------------------------------------------------
INFO: [SCHED 204-11] Starting scheduling ...
INFO: [SCHED 204-11] Finished scheduling.
INFO: [HLS 200-111] Finished Scheduling: CPU user time: 0.28 seconds. CPU system time: 0 seconds. Elapsed time: 0.28 seconds; current allocated memory: 916.156 MB.
INFO: [BIND 205-100] Starting micro-architecture generation ...
INFO: [BIND 205-101] Performing variable lifetime analysis.
INFO: [BIND 205-101] Exploring resource sharing.
INFO: [BIND 205-101] Binding ...
INFO: [BIND 205-100] Finished micro-architecture generation.
INFO: [HLS 200-111] Finished Binding: CPU user time: 0.12 seconds. CPU system time: 0 seconds. Elapsed time: 0.13 seconds; current allocated memory: 916.355 MB.
INFO: [HLS 200-10] ----------------------------------------------------------------
INFO: [HLS 200-42] -- Implementing module 'spmm_hls' 
INFO: [HLS 200-10] ----------------------------------------------------------------
INFO: [SCHED 204-11] Starting scheduling ...
INFO: [SCHED 204-11] Finished scheduling.
INFO: [HLS 200-111] Finished Scheduling: CPU user time: 0.4 seconds. CPU system time: 0.01 seconds. Elapsed time: 0.4 seconds; current allocated memory: 919.336 MB.
INFO: [BIND 205-100] Starting micro-architecture generation ...
INFO: [BIND 205-101] Performing variable lifetime analysis.
INFO: [BIND 205-101] Exploring resource sharing.
INFO: [BIND 205-101] Binding ...
INFO: [BIND 205-100] Starting global binding ...
INFO: [BIND 205-100] Finished micro-architecture generation.
INFO: [HLS 200-111] Finished Binding: CPU user time: 0.48 seconds. CPU system time: 0 seconds. Elapsed time: 0.48 seconds; current allocated memory: 919.336 MB.
INFO: [HLS 200-10] ----------------------------------------------------------------
INFO: [HLS 200-10] -- Generating RTL for module 'load_SpBuf_Pipeline_VITIS_LOOP_21_1' 
INFO: [HLS 200-10] ----------------------------------------------------------------
INFO: [HLS 200-1030] Apply Unified Pipeline Control on module 'load_SpBuf_Pipeline_VITIS_LOOP_21_1' pipeline 'VITIS_LOOP_21_1' pipeline type 'loop pipeline'
WARNING: [RTGEN 206-101] Setting dangling out port 'load_SpBuf_Pipeline_VITIS_LOOP_21_1/m_axi_gmem0_ARVALID' to 0.
WARNING: [RTGEN 206-101] Setting dangling out port 'load_SpBuf_Pipeline_VITIS_LOOP_21_1/m_axi_gmem0_ARADDR' to 0.
WARNING: [RTGEN 206-101] Setting dangling out port 'load_SpBuf_Pipeline_VITIS_LOOP_21_1/m_axi_gmem0_ARID' to 0.
WARNING: [RTGEN 206-101] Setting dangling out port 'load_SpBuf_Pipeline_VITIS_LOOP_21_1/m_axi_gmem0_ARLEN' to 0.
WARNING: [RTGEN 206-101] Setting dangling out port 'load_SpBuf_Pipeline_VITIS_LOOP_21_1/m_axi_gmem0_ARSIZE' to 0.
WARNING: [RTGEN 206-101] Setting dangling out port 'load_SpBuf_Pipeline_VITIS_LOOP_21_1/m_axi_gmem0_ARBURST' to 0.
WARNING: [RTGEN 206-101] Setting dangling out port 'load_SpBuf_Pipeline_VITIS_LOOP_21_1/m_axi_gmem0_ARLOCK' to 0.
WARNING: [RTGEN 206-101] Setting dangling out port 'load_SpBuf_Pipeline_VITIS_LOOP_21_1/m_axi_gmem0_ARCACHE' to 0.
WARNING: [RTGEN 206-101] Setting dangling out port 'load_SpBuf_Pipeline_VITIS_LOOP_21_1/m_axi_gmem0_ARPROT' to 0.
WARNING: [RTGEN 206-101] Setting dangling out port 'load_SpBuf_Pipeline_VITIS_LOOP_21_1/m_axi_gmem0_ARQOS' to 0.
WARNING: [RTGEN 206-101] Setting dangling out port 'load_SpBuf_Pipeline_VITIS_LOOP_21_1/m_axi_gmem0_ARREGION' to 0.
WARNING: [RTGEN 206-101] Setting dangling out port 'load_SpBuf_Pipeline_VITIS_LOOP_21_1/m_axi_gmem0_ARUSER' to 0.
INFO: [RTGEN 206-100] Finished creating RTL model for 'load_SpBuf_Pipeline_VITIS_LOOP_21_1'.
INFO: [HLS 200-111] Finished Creating RTL model: CPU user time: 0.58 seconds. CPU system time: 0.01 seconds. Elapsed time: 0.59 seconds; current allocated memory: 919.570 MB.
INFO: [HLS 200-10] ----------------------------------------------------------------
INFO: [HLS 200-10] -- Generating RTL for module 'load_SpBuf' 
INFO: [HLS 200-10] ----------------------------------------------------------------
INFO: [RTGEN 206-100] Finished creating RTL model for 'load_SpBuf'.
INFO: [HLS 200-111] Finished Creating RTL model: CPU user time: 0.08 seconds. CPU system time: 0.02 seconds. Elapsed time: 0.09 seconds; current allocated memory: 922.441 MB.
INFO: [HLS 200-10] ----------------------------------------------------------------
INFO: [HLS 200-10] -- Generating RTL for module 'load_DenBuf_accoding_SpBuf_Pipeline_init_map_buf' 
INFO: [HLS 200-10] ----------------------------------------------------------------
INFO: [RTGEN 206-100] Finished creating RTL model for 'load_DenBuf_accoding_SpBuf_Pipeline_init_map_buf'.
INFO: [HLS 200-111] Finished Creating RTL model: CPU user time: 0.09 seconds. CPU system time: 0 seconds. Elapsed time: 0.09 seconds; current allocated memory: 923.816 MB.
INFO: [HLS 200-10] ----------------------------------------------------------------
INFO: [HLS 200-10] -- Generating RTL for module 'load_DenBuf_accoding_SpBuf_Pipeline_VITIS_LOOP_52_2' 
INFO: [HLS 200-10] ----------------------------------------------------------------
INFO: [HLS 200-1030] Apply Unified Pipeline Control on module 'load_DenBuf_accoding_SpBuf_Pipeline_VITIS_LOOP_52_2' pipeline 'VITIS_LOOP_52_2' pipeline type 'loop pipeline'
INFO: [RTGEN 206-100] Generating core module 'uitofp_32ns_32_4_no_dsp_1': 1 instance(s).
INFO: [RTGEN 206-100] Finished creating RTL model for 'load_DenBuf_accoding_SpBuf_Pipeline_VITIS_LOOP_52_2'.
INFO: [HLS 200-111] Finished Creating RTL model: CPU user time: 0.08 seconds. CPU system time: 0.01 seconds. Elapsed time: 0.08 seconds; current allocated memory: 926.316 MB.
INFO: [HLS 200-10] ----------------------------------------------------------------
INFO: [HLS 200-10] -- Generating RTL for module 'load_DenBuf_accoding_SpBuf' 
INFO: [HLS 200-10] ----------------------------------------------------------------
INFO: [RTGEN 206-100] Generating core module 'mul_32s_31ns_62_2_1': 1 instance(s).
INFO: [RTGEN 206-100] Generating core module 'mul_mul_5ns_20s_20_4_1': 1 instance(s).
INFO: [RTGEN 206-100] Generating core module 'mux_164_31_1_1': 2 instance(s).
INFO: [RTGEN 206-100] Generating core module 'mux_164_32_1_1': 2 instance(s).
INFO: [RTGEN 206-100] Finished creating RTL model for 'load_DenBuf_accoding_SpBuf'.
INFO: [HLS 200-111] Finished Creating RTL model: CPU user time: 0.16 seconds. CPU system time: 0.01 seconds. Elapsed time: 0.17 seconds; current allocated memory: 929.559 MB.
INFO: [HLS 200-10] ----------------------------------------------------------------
INFO: [HLS 200-10] -- Generating RTL for module 'pe_kernel_0' 
INFO: [HLS 200-10] ----------------------------------------------------------------
INFO: [RTGEN 206-100] Generating core module 'fadd_32ns_32ns_32_7_full_dsp_1': 1 instance(s).
INFO: [RTGEN 206-100] Generating core module 'fmul_32ns_32ns_32_4_max_dsp_1': 1 instance(s).
INFO: [RTGEN 206-100] Generating core module 'mux_83_32_1_1': 2 instance(s).
INFO: [RTGEN 206-100] Generating core module 'uitofp_32ns_32_4_no_dsp_1': 1 instance(s).
INFO: [RTGEN 206-100] Finished creating RTL model for 'pe_kernel_0'.
INFO: [HLS 200-111] Finished Creating RTL model: CPU user time: 0.22 seconds. CPU system time: 0.02 seconds. Elapsed time: 0.24 seconds; current allocated memory: 933.785 MB.
INFO: [HLS 200-10] ----------------------------------------------------------------
INFO: [HLS 200-10] -- Generating RTL for module 'pe_kernel_1_Pipeline_check_unroll_1' 
INFO: [HLS 200-10] ----------------------------------------------------------------
INFO: [HLS 200-1030] Apply Unified Pipeline Control on module 'pe_kernel_1_Pipeline_check_unroll_1' pipeline 'check_unroll_1' pipeline type 'loop pipeline'
INFO: [RTGEN 206-100] Generating core module 'fadd_32ns_32ns_32_7_full_dsp_1': 1 instance(s).
INFO: [RTGEN 206-100] Generating core module 'fmul_32ns_32ns_32_4_max_dsp_1': 1 instance(s).
INFO: [RTGEN 206-100] Generating core module 'mux_83_32_1_1': 16 instance(s).
INFO: [RTGEN 206-100] Finished creating RTL model for 'pe_kernel_1_Pipeline_check_unroll_1'.
INFO: [HLS 200-111] Finished Creating RTL model: CPU user time: 0.35 seconds. CPU system time: 0 seconds. Elapsed time: 0.35 seconds; current allocated memory: 939.219 MB.
INFO: [HLS 200-10] ----------------------------------------------------------------
INFO: [HLS 200-10] -- Generating RTL for module 'pe_kernel_1' 
INFO: [HLS 200-10] ----------------------------------------------------------------
INFO: [RTGEN 206-100] Generating core module 'uitofp_32ns_32_4_no_dsp_1': 1 instance(s).
INFO: [RTGEN 206-100] Finished creating RTL model for 'pe_kernel_1'.
INFO: [HLS 200-111] Finished Creating RTL model: CPU user time: 1.4 seconds. CPU system time: 0.02 seconds. Elapsed time: 1.44 seconds; current allocated memory: 950.430 MB.
INFO: [HLS 200-10] ----------------------------------------------------------------
INFO: [HLS 200-10] -- Generating RTL for module 'compute_Pipeline_compute_loop' 
INFO: [HLS 200-10] ----------------------------------------------------------------
INFO: [RTGEN 206-100] Generating core module 'mul_20s_20s_20_1_1': 1 instance(s).
INFO: [RTGEN 206-100] Generating core module 'mux_164_1_1_1': 1 instance(s).
INFO: [RTGEN 206-100] Generating core module 'mux_164_32_1_1': 1 instance(s).
INFO: [RTGEN 206-100] Finished creating RTL model for 'compute_Pipeline_compute_loop'.
INFO: [HLS 200-111] Finished Creating RTL model: CPU user time: 0.52 seconds. CPU system time: 0.01 seconds. Elapsed time: 0.55 seconds; current allocated memory: 953.066 MB.
INFO: [HLS 200-10] ----------------------------------------------------------------
INFO: [HLS 200-10] -- Generating RTL for module 'compute' 
INFO: [HLS 200-10] ----------------------------------------------------------------
INFO: [RTGEN 206-100] Finished creating RTL model for 'compute'.
INFO: [HLS 200-111] Finished Creating RTL model: CPU user time: 0.4 seconds. CPU system time: 0.03 seconds. Elapsed time: 0.43 seconds; current allocated memory: 957.988 MB.
INFO: [HLS 200-10] ----------------------------------------------------------------
INFO: [HLS 200-10] -- Generating RTL for module 'spmm_hls' 
INFO: [HLS 200-10] ----------------------------------------------------------------
WARNING: [RTGEN 206-101] Design contains AXI ports. Reset is fixed to synchronous and active low.
INFO: [RTGEN 206-500] Setting interface mode on port 'spmm_hls/gmem0' to 'm_axi'.
INFO: [RTGEN 206-500] Setting interface mode on port 'spmm_hls/gmem1' to 'm_axi'.
INFO: [RTGEN 206-500] Setting interface mode on port 'spmm_hls/gmem2' to 'm_axi'.
INFO: [RTGEN 206-500] Setting interface mode on port 'spmm_hls/A' to 's_axilite & ap_none'.
INFO: [RTGEN 206-500] Setting interface mode on port 'spmm_hls/nnz' to 's_axilite & ap_none'.
INFO: [RTGEN 206-500] Setting interface mode on port 'spmm_hls/B' to 's_axilite & ap_none'.
INFO: [RTGEN 206-500] Setting interface mode on port 'spmm_hls/C' to 's_axilite & ap_none'.
INFO: [RTGEN 206-500] Setting interface mode on port 'spmm_hls/M' to 's_axilite & ap_none'.
INFO: [RTGEN 206-500] Setting interface mode on port 'spmm_hls/K' to 's_axilite & ap_none'.
INFO: [RTGEN 206-500] Setting interface mode on function 'spmm_hls' to 's_axilite & ap_ctrl_hs'.
INFO: [RTGEN 206-100] Bundling port 'A', 'nnz', 'C', 'M', 'K' and 'return' to AXI-Lite port control.
INFO: [RTGEN 206-100] Bundling port 'B' to AXI-Lite port control_r.
WARNING: [RTGEN 206-101] Port 'spmm_hls/m_axi_gmem2_AWVALID' has no fanin or fanout and is left dangling.
               Please use C simulation to confirm this function argument can be read from or written to.
WARNING: [RTGEN 206-101] Setting dangling out port 'spmm_hls/m_axi_gmem2_AWVALID' to 0.
WARNING: [RTGEN 206-101] Port 'spmm_hls/m_axi_gmem2_AWREADY' has no fanin or fanout and is left dangling.
               Please use C simulation to confirm this function argument can be read from or written to.
WARNING: [RTGEN 206-101] Port 'spmm_hls/m_axi_gmem2_AWADDR' has no fanin or fanout and is left dangling.
               Please use C simulation to confirm this function argument can be read from or written to.
WARNING: [RTGEN 206-101] Setting dangling out port 'spmm_hls/m_axi_gmem2_AWADDR' to 0.
WARNING: [RTGEN 206-101] Port 'spmm_hls/m_axi_gmem2_AWID' has no fanin or fanout and is left dangling.
               Please use C simulation to confirm this function argument can be read from or written to.
WARNING: [RTGEN 206-101] Setting dangling out port 'spmm_hls/m_axi_gmem2_AWID' to 0.
WARNING: [RTGEN 206-101] Port 'spmm_hls/m_axi_gmem2_AWLEN' has no fanin or fanout and is left dangling.
               Please use C simulation to confirm this function argument can be read from or written to.
WARNING: [RTGEN 206-101] Setting dangling out port 'spmm_hls/m_axi_gmem2_AWLEN' to 0.
WARNING: [RTGEN 206-101] Port 'spmm_hls/m_axi_gmem2_AWSIZE' has no fanin or fanout and is left dangling.
               Please use C simulation to confirm this function argument can be read from or written to.
WARNING: [RTGEN 206-101] Setting dangling out port 'spmm_hls/m_axi_gmem2_AWSIZE' to 0.
WARNING: [RTGEN 206-101] Port 'spmm_hls/m_axi_gmem2_AWBURST' has no fanin or fanout and is left dangling.
               Please use C simulation to confirm this function argument can be read from or written to.
WARNING: [RTGEN 206-101] Setting dangling out port 'spmm_hls/m_axi_gmem2_AWBURST' to 0.
WARNING: [RTGEN 206-101] Port 'spmm_hls/m_axi_gmem2_AWLOCK' has no fanin or fanout and is left dangling.
               Please use C simulation to confirm this function argument can be read from or written to.
WARNING: [RTGEN 206-101] Setting dangling out port 'spmm_hls/m_axi_gmem2_AWLOCK' to 0.
WARNING: [RTGEN 206-101] Port 'spmm_hls/m_axi_gmem2_AWCACHE' has no fanin or fanout and is left dangling.
               Please use C simulation to confirm this function argument can be read from or written to.
WARNING: [RTGEN 206-101] Setting dangling out port 'spmm_hls/m_axi_gmem2_AWCACHE' to 0.
WARNING: [RTGEN 206-101] Port 'spmm_hls/m_axi_gmem2_AWPROT' has no fanin or fanout and is left dangling.
               Please use C simulation to confirm this function argument can be read from or written to.
WARNING: [RTGEN 206-101] Setting dangling out port 'spmm_hls/m_axi_gmem2_AWPROT' to 0.
WARNING: [RTGEN 206-101] Port 'spmm_hls/m_axi_gmem2_AWQOS' has no fanin or fanout and is left dangling.
               Please use C simulation to confirm this function argument can be read from or written to.
WARNING: [RTGEN 206-101] Setting dangling out port 'spmm_hls/m_axi_gmem2_AWQOS' to 0.
WARNING: [RTGEN 206-101] Port 'spmm_hls/m_axi_gmem2_AWREGION' has no fanin or fanout and is left dangling.
               Please use C simulation to confirm this function argument can be read from or written to.
WARNING: [RTGEN 206-101] Setting dangling out port 'spmm_hls/m_axi_gmem2_AWREGION' to 0.
WARNING: [RTGEN 206-101] Port 'spmm_hls/m_axi_gmem2_AWUSER' has no fanin or fanout and is left dangling.
               Please use C simulation to confirm this function argument can be read from or written to.
WARNING: [RTGEN 206-101] Setting dangling out port 'spmm_hls/m_axi_gmem2_AWUSER' to 0.
WARNING: [RTGEN 206-101] Port 'spmm_hls/m_axi_gmem2_WVALID' has no fanin or fanout and is left dangling.
               Please use C simulation to confirm this function argument can be read from or written to.
WARNING: [RTGEN 206-101] Setting dangling out port 'spmm_hls/m_axi_gmem2_WVALID' to 0.
WARNING: [RTGEN 206-101] Port 'spmm_hls/m_axi_gmem2_WREADY' has no fanin or fanout and is left dangling.
               Please use C simulation to confirm this function argument can be read from or written to.
WARNING: [RTGEN 206-101] Port 'spmm_hls/m_axi_gmem2_WDATA' has no fanin or fanout and is left dangling.
               Please use C simulation to confirm this function argument can be read from or written to.
WARNING: [RTGEN 206-101] Setting dangling out port 'spmm_hls/m_axi_gmem2_WDATA' to 0.
WARNING: [RTGEN 206-101] Port 'spmm_hls/m_axi_gmem2_WSTRB' has no fanin or fanout and is left dangling.
               Please use C simulation to confirm this function argument can be read from or written to.
WARNING: [RTGEN 206-101] Setting dangling out port 'spmm_hls/m_axi_gmem2_WSTRB' to 0.
WARNING: [RTGEN 206-101] Port 'spmm_hls/m_axi_gmem2_WLAST' has no fanin or fanout and is left dangling.
               Please use C simulation to confirm this function argument can be read from or written to.
WARNING: [RTGEN 206-101] Setting dangling out port 'spmm_hls/m_axi_gmem2_WLAST' to 0.
WARNING: [RTGEN 206-101] Port 'spmm_hls/m_axi_gmem2_WID' has no fanin or fanout and is left dangling.
               Please use C simulation to confirm this function argument can be read from or written to.
WARNING: [RTGEN 206-101] Setting dangling out port 'spmm_hls/m_axi_gmem2_WID' to 0.
WARNING: [RTGEN 206-101] Port 'spmm_hls/m_axi_gmem2_WUSER' has no fanin or fanout and is left dangling.
               Please use C simulation to confirm this function argument can be read from or written to.
WARNING: [RTGEN 206-101] Setting dangling out port 'spmm_hls/m_axi_gmem2_WUSER' to 0.
WARNING: [RTGEN 206-101] Port 'spmm_hls/m_axi_gmem2_ARVALID' has no fanin or fanout and is left dangling.
               Please use C simulation to confirm this function argument can be read from or written to.
WARNING: [RTGEN 206-101] Setting dangling out port 'spmm_hls/m_axi_gmem2_ARVALID' to 0.
WARNING: [RTGEN 206-101] Port 'spmm_hls/m_axi_gmem2_ARREADY' has no fanin or fanout and is left dangling.
               Please use C simulation to confirm this function argument can be read from or written to.
WARNING: [RTGEN 206-101] Port 'spmm_hls/m_axi_gmem2_ARADDR' has no fanin or fanout and is left dangling.
               Please use C simulation to confirm this function argument can be read from or written to.
WARNING: [RTGEN 206-101] Setting dangling out port 'spmm_hls/m_axi_gmem2_ARADDR' to 0.
WARNING: [RTGEN 206-101] Port 'spmm_hls/m_axi_gmem2_ARID' has no fanin or fanout and is left dangling.
               Please use C simulation to confirm this function argument can be read from or written to.
WARNING: [RTGEN 206-101] Setting dangling out port 'spmm_hls/m_axi_gmem2_ARID' to 0.
WARNING: [RTGEN 206-101] Port 'spmm_hls/m_axi_gmem2_ARLEN' has no fanin or fanout and is left dangling.
               Please use C simulation to confirm this function argument can be read from or written to.
WARNING: [RTGEN 206-101] Setting dangling out port 'spmm_hls/m_axi_gmem2_ARLEN' to 0.
WARNING: [RTGEN 206-101] Port 'spmm_hls/m_axi_gmem2_ARSIZE' has no fanin or fanout and is left dangling.
               Please use C simulation to confirm this function argument can be read from or written to.
WARNING: [RTGEN 206-101] Setting dangling out port 'spmm_hls/m_axi_gmem2_ARSIZE' to 0.
WARNING: [RTGEN 206-101] Port 'spmm_hls/m_axi_gmem2_ARBURST' has no fanin or fanout and is left dangling.
               Please use C simulation to confirm this function argument can be read from or written to.
WARNING: [RTGEN 206-101] Setting dangling out port 'spmm_hls/m_axi_gmem2_ARBURST' to 0.
WARNING: [RTGEN 206-101] Port 'spmm_hls/m_axi_gmem2_ARLOCK' has no fanin or fanout and is left dangling.
               Please use C simulation to confirm this function argument can be read from or written to.
WARNING: [RTGEN 206-101] Setting dangling out port 'spmm_hls/m_axi_gmem2_ARLOCK' to 0.
WARNING: [RTGEN 206-101] Port 'spmm_hls/m_axi_gmem2_ARCACHE' has no fanin or fanout and is left dangling.
               Please use C simulation to confirm this function argument can be read from or written to.
WARNING: [RTGEN 206-101] Setting dangling out port 'spmm_hls/m_axi_gmem2_ARCACHE' to 0.
WARNING: [RTGEN 206-101] Port 'spmm_hls/m_axi_gmem2_ARPROT' has no fanin or fanout and is left dangling.
               Please use C simulation to confirm this function argument can be read from or written to.
WARNING: [RTGEN 206-101] Setting dangling out port 'spmm_hls/m_axi_gmem2_ARPROT' to 0.
WARNING: [RTGEN 206-101] Port 'spmm_hls/m_axi_gmem2_ARQOS' has no fanin or fanout and is left dangling.
               Please use C simulation to confirm this function argument can be read from or written to.
WARNING: [RTGEN 206-101] Setting dangling out port 'spmm_hls/m_axi_gmem2_ARQOS' to 0.
WARNING: [RTGEN 206-101] Port 'spmm_hls/m_axi_gmem2_ARREGION' has no fanin or fanout and is left dangling.
               Please use C simulation to confirm this function argument can be read from or written to.
WARNING: [RTGEN 206-101] Setting dangling out port 'spmm_hls/m_axi_gmem2_ARREGION' to 0.
WARNING: [RTGEN 206-101] Port 'spmm_hls/m_axi_gmem2_ARUSER' has no fanin or fanout and is left dangling.
               Please use C simulation to confirm this function argument can be read from or written to.
WARNING: [RTGEN 206-101] Setting dangling out port 'spmm_hls/m_axi_gmem2_ARUSER' to 0.
WARNING: [RTGEN 206-101] Port 'spmm_hls/m_axi_gmem2_RVALID' has no fanin or fanout and is left dangling.
               Please use C simulation to confirm this function argument can be read from or written to.
WARNING: [RTGEN 206-101] Port 'spmm_hls/m_axi_gmem2_RREADY' has no fanin or fanout and is left dangling.
               Please use C simulation to confirm this function argument can be read from or written to.
WARNING: [RTGEN 206-101] Setting dangling out port 'spmm_hls/m_axi_gmem2_RREADY' to 0.
WARNING: [RTGEN 206-101] Port 'spmm_hls/m_axi_gmem2_RDATA' has no fanin or fanout and is left dangling.
               Please use C simulation to confirm this function argument can be read from or written to.
WARNING: [RTGEN 206-101] Port 'spmm_hls/m_axi_gmem2_RLAST' has no fanin or fanout and is left dangling.
               Please use C simulation to confirm this function argument can be read from or written to.
WARNING: [RTGEN 206-101] Port 'spmm_hls/m_axi_gmem2_RID' has no fanin or fanout and is left dangling.
               Please use C simulation to confirm this function argument can be read from or written to.
WARNING: [RTGEN 206-101] Port 'spmm_hls/m_axi_gmem2_RUSER' has no fanin or fanout and is left dangling.
               Please use C simulation to confirm this function argument can be read from or written to.
WARNING: [RTGEN 206-101] Port 'spmm_hls/m_axi_gmem2_RRESP' has no fanin or fanout and is left dangling.
               Please use C simulation to confirm this function argument can be read from or written to.
WARNING: [RTGEN 206-101] Port 'spmm_hls/m_axi_gmem2_BVALID' has no fanin or fanout and is left dangling.
               Please use C simulation to confirm this function argument can be read from or written to.
WARNING: [RTGEN 206-101] Port 'spmm_hls/m_axi_gmem2_BREADY' has no fanin or fanout and is left dangling.
               Please use C simulation to confirm this function argument can be read from or written to.
WARNING: [RTGEN 206-101] Setting dangling out port 'spmm_hls/m_axi_gmem2_BREADY' to 0.
WARNING: [RTGEN 206-101] Port 'spmm_hls/m_axi_gmem2_BRESP' has no fanin or fanout and is left dangling.
               Please use C simulation to confirm this function argument can be read from or written to.
WARNING: [RTGEN 206-101] Port 'spmm_hls/m_axi_gmem2_BID' has no fanin or fanout and is left dangling.
               Please use C simulation to confirm this function argument can be read from or written to.
WARNING: [RTGEN 206-101] Port 'spmm_hls/m_axi_gmem2_BUSER' has no fanin or fanout and is left dangling.
               Please use C simulation to confirm this function argument can be read from or written to.
INFO: [RTGEN 206-100] Finished creating RTL model for 'spmm_hls'.
INFO: [RTMG 210-278] Implementing memory 'spmm_hls_Dense_Buf0_RAM_2P_BRAM_1R1W' using block RAMs.
INFO: [RTMG 210-278] Implementing memory 'spmm_hls_Out_Buf0_RAM_2P_BRAM_1R1W' using block RAMs.
INFO: [HLS 200-111] Finished Creating RTL model: CPU user time: 0.68 seconds. CPU system time: 0.02 seconds. Elapsed time: 0.7 seconds; current allocated memory: 964.910 MB.
INFO: [HLS 200-111] Finished Generating all RTL models: CPU user time: 2.51 seconds. CPU system time: 0.06 seconds. Elapsed time: 2.58 seconds; current allocated memory: 973.133 MB.
INFO: [HLS 200-1603] Design has inferred MAXI bursts and missed bursts, see Vitis HLS GUI synthesis summary report for detailed information.
INFO: [HLS 200-111] Finished Updating report files: CPU user time: 2.49 seconds. CPU system time: 0.05 seconds. Elapsed time: 2.55 seconds; current allocated memory: 1.007 GB.
INFO: [VHDL 208-304] Generating VHDL RTL for spmm_hls.
INFO: [VLOG 209-307] Generating Verilog RTL for spmm_hls.
INFO: [HLS 200-790] **** Loop Constraint Status: All loop constraints were satisfied.
INFO: [HLS 200-789] **** Estimated Fmax: 342.47 MHz
INFO: [HLS 200-111] Finished Command csynth_design CPU user time: 36.41 seconds. CPU system time: 1.86 seconds. Elapsed time: 38.38 seconds; current allocated memory: 298.316 MB.
INFO: [HLS 200-112] Total CPU user time: 38.89 seconds. Total CPU system time: 2.34 seconds. Total elapsed time: 51.16 seconds; peak allocated memory: 1.007 GB.
INFO: [Common 17-206] Exiting vitis_hls at Fri Sep 19 18:44:40 2025...
