

================================================================
== Vitis HLS Report for 'pu_kernel_Pipeline_init_au'
================================================================
* Date:           Wed Sep  3 20:05:54 2025

* Version:        2022.2 (Build 3670227 on Oct 13 2022)
* Project:        spmm_prj
* Solution:       sol1 (Vivado IP Flow Target)
* Product family: virtexuplus
* Target device:  xcu280-fsvh2892-2L-e


================================================================
== Performance Estimates
================================================================
+ Timing: 
    * Summary: 
    +--------+---------+----------+------------+
    |  Clock |  Target | Estimated| Uncertainty|
    +--------+---------+----------+------------+
    |ap_clk  |  4.00 ns|  2.084 ns|     1.08 ns|
    +--------+---------+----------+------------+

+ Latency: 
    * Summary: 
    +---------+------------+----------+-----------+-----+------------+---------+
    |   Latency (cycles)   |  Latency (absolute)  |     Interval     | Pipeline|
    |   min   |     max    |    min   |    max    | min |     max    |   Type  |
    +---------+------------+----------+-----------+-----+------------+---------+
    |        2|  1073741825|  8.000 ns|  4.295 sec|    2|  1073741825|       no|
    +---------+------------+----------+-----------+-----+------------+---------+

    + Detail: 
        * Instance: 
        N/A

        * Loop: 
        +-----------+---------+------------+----------+-----------+-----------+----------------+----------+
        |           |   Latency (cycles)   | Iteration|  Initiation Interval  |      Trip      |          |
        | Loop Name |   min   |     max    |  Latency |  achieved |   target  |      Count     | Pipelined|
        +-----------+---------+------------+----------+-----------+-----------+----------------+----------+
        |- init_au  |        0|  1073741823|         1|          1|          1|  0 ~ 1073741823|       yes|
        +-----------+---------+------------+----------+-----------+-----------+----------------+----------+



================================================================
== Utilization Estimates
================================================================
* Summary: 
+---------------------+---------+------+---------+---------+-----+
|         Name        | BRAM_18K|  DSP |    FF   |   LUT   | URAM|
+---------------------+---------+------+---------+---------+-----+
|DSP                  |        -|     -|        -|        -|    -|
|Expression           |        -|     -|        0|       42|    -|
|FIFO                 |        -|     -|        -|        -|    -|
|Instance             |        -|     -|        -|        -|    -|
|Memory               |        -|     -|        -|        -|    -|
|Multiplexer          |        -|     -|        -|       27|    -|
|Register             |        -|     -|       18|        -|    -|
+---------------------+---------+------+---------+---------+-----+
|Total                |        0|     0|       18|       69|    0|
+---------------------+---------+------+---------+---------+-----+
|Available SLR        |     1344|  3008|   869120|   434560|  320|
+---------------------+---------+------+---------+---------+-----+
|Utilization SLR (%)  |        0|     0|       ~0|       ~0|    0|
+---------------------+---------+------+---------+---------+-----+
|Available            |     4032|  9024|  2607360|  1303680|  960|
+---------------------+---------+------+---------+---------+-----+
|Utilization (%)      |        0|     0|       ~0|       ~0|    0|
+---------------------+---------+------+---------+---------+-----+

+ Detail: 
    * Instance: 
    N/A

    * DSP: 
    N/A

    * Memory: 
    N/A

    * FIFO: 
    N/A

    * Expression: 
    +---------------------+----------+----+---+----+------------+------------+
    |    Variable Name    | Operation| DSP| FF| LUT| Bitwidth P0| Bitwidth P1|
    +---------------------+----------+----+---+----+------------+------------+
    |add_ln256_fu_88_p2   |         +|   0|  0|  23|          16|           1|
    |icmp_ln256_fu_82_p2  |      icmp|   0|  0|  19|          30|          30|
    +---------------------+----------+----+---+----+------------+------------+
    |Total                |          |   0|  0|  42|          46|          31|
    +---------------------+----------+----+---+----+------------+------------+

    * Multiplexer: 
    +----------------------+----+-----------+-----+-----------+
    |         Name         | LUT| Input Size| Bits| Total Bits|
    +----------------------+----+-----------+-----+-----------+
    |ap_done_int           |   9|          2|    1|          2|
    |ap_sig_allocacmp_i_5  |   9|          2|   16|         32|
    |i_fu_32               |   9|          2|   16|         32|
    +----------------------+----+-----------+-----+-----------+
    |Total                 |  27|          6|   33|         66|
    +----------------------+----+-----------+-----+-----------+

    * Register: 
    +-------------+----+----+-----+-----------+
    |     Name    | FF | LUT| Bits| Const Bits|
    +-------------+----+----+-----+-----------+
    |ap_CS_fsm    |   1|   0|    1|          0|
    |ap_done_reg  |   1|   0|    1|          0|
    |i_fu_32      |  16|   0|   16|          0|
    +-------------+----+----+-----+-----------+
    |Total        |  18|   0|   18|          0|
    +-------------+----+----+-----+-----------+



================================================================
== Interface
================================================================
* Summary: 
+--------------+-----+-----+------------+----------------------------+--------------+
|   RTL Ports  | Dir | Bits|  Protocol  |        Source Object       |    C Type    |
+--------------+-----+-----+------------+----------------------------+--------------+
|ap_clk        |   in|    1|  ap_ctrl_hs|  pu_kernel_Pipeline_init_au|  return value|
|ap_rst        |   in|    1|  ap_ctrl_hs|  pu_kernel_Pipeline_init_au|  return value|
|ap_start      |   in|    1|  ap_ctrl_hs|  pu_kernel_Pipeline_init_au|  return value|
|ap_done       |  out|    1|  ap_ctrl_hs|  pu_kernel_Pipeline_init_au|  return value|
|ap_idle       |  out|    1|  ap_ctrl_hs|  pu_kernel_Pipeline_init_au|  return value|
|ap_ready      |  out|    1|  ap_ctrl_hs|  pu_kernel_Pipeline_init_au|  return value|
|K             |   in|   30|     ap_none|                           K|        scalar|
|AU0_address0  |  out|   16|   ap_memory|                         AU0|         array|
|AU0_ce0       |  out|    1|   ap_memory|                         AU0|         array|
|AU0_we0       |  out|    1|   ap_memory|                         AU0|         array|
|AU0_d0        |  out|   32|   ap_memory|                         AU0|         array|
|AU1_address0  |  out|   16|   ap_memory|                         AU1|         array|
|AU1_ce0       |  out|    1|   ap_memory|                         AU1|         array|
|AU1_we0       |  out|    1|   ap_memory|                         AU1|         array|
|AU1_d0        |  out|   32|   ap_memory|                         AU1|         array|
+--------------+-----+-----+------------+----------------------------+--------------+

