

================================================================
== Vitis HLS Report for 'pu_kernel'
================================================================
* Date:           Wed Sep  3 20:05:55 2025

* Version:        2022.2 (Build 3670227 on Oct 13 2022)
* Project:        spmm_prj
* Solution:       sol1 (Vivado IP Flow Target)
* Product family: virtexuplus
* Target device:  xcu280-fsvh2892-2L-e


================================================================
== Performance Estimates
================================================================
+ Timing: 
    * Summary: 
    +--------+---------+----------+------------+
    |  Clock |  Target | Estimated| Uncertainty|
    +--------+---------+----------+------------+
    |ap_clk  |  4.00 ns|  3.332 ns|     1.08 ns|
    +--------+---------+----------+------------+

+ Latency: 
    * Summary: 
    +---------+---------+----------+----------+-----+-----+---------+
    |  Latency (cycles) |  Latency (absolute) |  Interval | Pipeline|
    |   min   |   max   |    min   |    max   | min | max |   Type  |
    +---------+---------+----------+----------+-----+-----+---------+
    |        ?|        ?|         ?|         ?|    ?|    ?|       no|
    +---------+---------+----------+----------+-----+-----+---------+

    + Detail: 
        * Instance: 
        +------------------------------------------------------+-------------------------------------------+---------+------------+-----------+-----------+-----+------------+---------+
        |                                                      |                                           |   Latency (cycles)   |   Latency (absolute)  |     Interval     | Pipeline|
        |                       Instance                       |                   Module                  |   min   |     max    |    min    |    max    | min |     max    |   Type  |
        +------------------------------------------------------+-------------------------------------------+---------+------------+-----------+-----------+-----+------------+---------+
        |grp_pu_kernel_Pipeline_pu_save_stream_into_pu_fu_216  |pu_kernel_Pipeline_pu_save_stream_into_pu  |        6|           6|  24.000 ns|  24.000 ns|    6|           6|       no|
        |grp_pu_kernel_Pipeline_init_au_fu_244                 |pu_kernel_Pipeline_init_au                 |        2|  1073741825|   8.000 ns|  4.295 sec|    2|  1073741825|       no|
        |grp_dfm_fu_254                                        |dfm                                        |        ?|           ?|          ?|          ?|    ?|           ?|       no|
        |grp_pu_comp_fu_272                                    |pu_comp                                    |        2|  1073741830|   8.000 ns|  4.295 sec|    2|  1073741830|       no|
        |grp_au_merge_fu_281                                   |au_merge                                   |        1|  1073741841|   4.000 ns|  4.295 sec|    1|  1073741841|       no|
        +------------------------------------------------------+-------------------------------------------+---------+------------+-----------+-----------+-----+------------+---------+

        * Loop: 
        +--------------------+---------+------------+-----------------+-----------+-----------+------+----------+
        |                    |   Latency (cycles)   |    Iteration    |  Initiation Interval  | Trip |          |
        |      Loop Name     |   min   |     max    |     Latency     |  achieved |   target  | Count| Pipelined|
        +--------------------+---------+------------+-----------------+-----------+-----------+------+----------+
        |- VITIS_LOOP_263_1  |       22|  6442451014|  11 ~ 3221225507|          -|          -|     2|        no|
        +--------------------+---------+------------+-----------------+-----------+-----------+------+----------+



================================================================
== Utilization Estimates
================================================================
* Summary: 
+---------------------+---------+------+---------+---------+-----+
|         Name        | BRAM_18K|  DSP |    FF   |   LUT   | URAM|
+---------------------+---------+------+---------+---------+-----+
|DSP                  |        -|     -|        -|        -|    -|
|Expression           |        -|     -|        0|      191|    -|
|FIFO                 |        2|     -|      190|      156|    -|
|Instance             |        -|    26|     6376|     4519|    -|
|Memory               |       48|     -|        0|        0|    0|
|Multiplexer          |        -|     -|        -|      343|    -|
|Register             |        -|     -|      629|        -|    -|
+---------------------+---------+------+---------+---------+-----+
|Total                |       50|    26|     7195|     5209|    0|
+---------------------+---------+------+---------+---------+-----+
|Available SLR        |     1344|  3008|   869120|   434560|  320|
+---------------------+---------+------+---------+---------+-----+
|Utilization SLR (%)  |        3|    ~0|       ~0|        1|    0|
+---------------------+---------+------+---------+---------+-----+
|Available            |     4032|  9024|  2607360|  1303680|  960|
+---------------------+---------+------+---------+---------+-----+
|Utilization (%)      |        1|    ~0|       ~0|       ~0|    0|
+---------------------+---------+------+---------+---------+-----+

+ Detail: 
    * Instance: 
    +------------------------------------------------------+-------------------------------------------+---------+----+------+------+-----+
    |                       Instance                       |                   Module                  | BRAM_18K| DSP|  FF  |  LUT | URAM|
    +------------------------------------------------------+-------------------------------------------+---------+----+------+------+-----+
    |grp_au_merge_fu_281                                   |au_merge                                   |        0|  20|  5219|  3419|    0|
    |grp_dfm_fu_254                                        |dfm                                        |        0|   3|   624|   719|    0|
    |grp_pu_comp_fu_272                                    |pu_comp                                    |        0|   3|   250|   206|    0|
    |grp_pu_kernel_Pipeline_init_au_fu_244                 |pu_kernel_Pipeline_init_au                 |        0|   0|    18|    69|    0|
    |grp_pu_kernel_Pipeline_pu_save_stream_into_pu_fu_216  |pu_kernel_Pipeline_pu_save_stream_into_pu  |        0|   0|   265|   106|    0|
    +------------------------------------------------------+-------------------------------------------+---------+----+------+------+-----+
    |Total                                                 |                                           |        0|  26|  6376|  4519|    0|
    +------------------------------------------------------+-------------------------------------------+---------+----+------+------+-----+

    * DSP: 
    N/A

    * Memory: 
    +--------+---------------------------------+---------+---+----+-----+-------+-----+------+-------------+
    | Memory |              Module             | BRAM_18K| FF| LUT| URAM| Words | Bits| Banks| W*Bits*Banks|
    +--------+---------------------------------+---------+---+----+-----+-------+-----+------+-------------+
    |AU0_U   |pu_kernel_AU0_RAM_AUTO_1R1W      |       16|  0|   0|    0|  61278|   32|     1|      1960896|
    |AU1_U   |pu_kernel_AU0_RAM_AUTO_1R1W      |       16|  0|   0|    0|  61278|   32|     1|      1960896|
    |Dbuf_U  |pu_kernel_Dbuf_RAM_2P_BRAM_1R1W  |       16|  0|   0|    0|  61278|   32|     1|      1960896|
    +--------+---------------------------------+---------+---+----+-----+-------+-----+------+-------------+
    |Total   |                                 |       48|  0|   0|    0| 183834|   96|     3|      5882688|
    +--------+---------------------------------+---------+---+----+-----+-------+-----+------+-------------+

    * FIFO: 
    +----------------+---------+----+----+-----+-------+-----+---------+
    |      Name      | BRAM_18K| FF | LUT| URAM| Depth | Bits| Size:D*B|
    +----------------+---------+----+----+-----+-------+-----+---------+
    |streamA_fifo_U  |        1|  95|   0|    -|  61278|   32|  1960896|
    |streamB_fifo_U  |        1|  95|   0|    -|  61278|   32|  1960896|
    +----------------+---------+----+----+-----+-------+-----+---------+
    |Total           |        2| 190|   0|    0| 122556|   64|  3921792|
    +----------------+---------+----+----+-----+-------+-----+---------+

    * Expression: 
    +---------------------------------+----------+----+---+----+------------+------------+
    |          Variable Name          | Operation| DSP| FF| LUT| Bitwidth P0| Bitwidth P1|
    +---------------------------------+----------+----+---+----+------------+------------+
    |add_ln263_fu_512_p2              |         +|   0|  0|   9|           2|           1|
    |icmp_ln263_fu_506_p2             |      icmp|   0|  0|   8|           2|           3|
    |icmp_ln267_fu_562_p2             |      icmp|   0|  0|   8|           2|           1|
    |ap_block_state1                  |        or|   0|  0|   2|           1|           1|
    |ap_block_state2_on_subcall_done  |        or|   0|  0|   2|           1|           1|
    |or_ln267_fu_556_p2               |        or|   0|  0|   2|           2|           1|
    |select_ln266_1_fu_535_p3         |    select|   0|  0|  32|           1|          32|
    |select_ln266_2_fu_547_p3         |    select|   0|  0|  16|           1|          16|
    |select_ln266_fu_528_p3           |    select|   0|  0|  32|           1|          32|
    |select_ln267_1_fu_574_p3         |    select|   0|  0|  32|           1|          32|
    |select_ln267_2_fu_586_p3         |    select|   0|  0|  16|           1|          16|
    |select_ln267_fu_568_p3           |    select|   0|  0|  32|           1|          32|
    +---------------------------------+----------+----+---+----+------------+------------+
    |Total                            |          |   0|  0| 191|          16|         168|
    +---------------------------------+----------+----+---+----+------------+------------+

    * Multiplexer: 
    +-------------------------------------+----+-----------+-----+-----------+
    |                 Name                | LUT| Input Size| Bits| Total Bits|
    +-------------------------------------+----+-----------+-----+-----------+
    |AU0_address0                         |  14|          3|   16|         48|
    |AU0_ce0                              |  14|          3|    1|          3|
    |AU0_ce1                              |   9|          2|    1|          2|
    |AU0_d0                               |  14|          3|   32|         96|
    |AU0_we0                              |  14|          3|    1|          3|
    |AU1_address0                         |  14|          3|   16|         48|
    |AU1_ce0                              |  14|          3|    1|          3|
    |AU1_ce1                              |   9|          2|    1|          2|
    |AU1_d0                               |  14|          3|   32|         96|
    |AU1_we0                              |  14|          3|    1|          3|
    |Dbuf_ce0                             |   9|          2|    1|          2|
    |Dbuf_ce1                             |   9|          2|    1|          2|
    |Dbuf_we1                             |   9|          2|    1|          2|
    |ap_NS_fsm                            |  59|         11|    1|         11|
    |au0_r_1_fu_122                       |   9|          2|   32|         64|
    |au1_r_1_fu_126                       |   9|          2|   32|         64|
    |grp_pu_comp_fu_272_a_value           |  14|          3|   32|         96|
    |grp_pu_comp_fu_272_begin_r           |  14|          3|   16|         48|
    |grp_pu_comp_fu_272_streamA38_full_n  |   9|          2|    1|          2|
    |i_2_fu_118                           |   9|          2|    2|          4|
    |m_axi_gmem3_ARVALID                  |   9|          2|    1|          2|
    |m_axi_gmem3_RREADY                   |   9|          2|    1|          2|
    |s_0_blk_n                            |   9|          2|    1|          2|
    |streamA_read                         |   9|          2|    1|          2|
    |streamA_write                        |   9|          2|    1|          2|
    |streamB_read                         |   9|          2|    1|          2|
    |streamB_write                        |   9|          2|    1|          2|
    +-------------------------------------+----+-----------+-----+-----------+
    |Total                                | 343|         73|  228|        613|
    +-------------------------------------+----+-----------+-----+-----------+

    * Register: 
    +-------------------------------------------------------------------+----+----+-----+-----------+
    |                                Name                               | FF | LUT| Bits| Const Bits|
    +-------------------------------------------------------------------+----+----+-----+-----------+
    |ap_CS_fsm                                                          |  10|   0|   10|          0|
    |au0_r_1_fu_122                                                     |  32|   0|   32|          0|
    |au1_r_1_fu_126                                                     |  32|   0|   32|          0|
    |grp_au_merge_fu_281_ap_start_reg                                   |   1|   0|    1|          0|
    |grp_dfm_fu_254_ap_start_reg                                        |   1|   0|    1|          0|
    |grp_pu_comp_fu_272_ap_start_reg                                    |   1|   0|    1|          0|
    |grp_pu_kernel_Pipeline_init_au_fu_244_ap_start_reg                 |   1|   0|    1|          0|
    |grp_pu_kernel_Pipeline_pu_save_stream_into_pu_fu_216_ap_start_reg  |   1|   0|    1|          0|
    |i_2_fu_118                                                         |   2|   0|    2|          0|
    |p_ref_0_reg_758                                                    |   1|   0|    1|          0|
    |p_ref_1_reg_763                                                    |   1|   0|    1|          0|
    |p_ref_2_reg_768                                                    |   1|   0|    1|          0|
    |p_ref_3_reg_773                                                    |   1|   0|    1|          0|
    |p_v_value_0_reg_778                                                |  32|   0|   32|          0|
    |p_v_value_1_reg_783                                                |  32|   0|   32|          0|
    |p_v_value_2_reg_788                                                |  32|   0|   32|          0|
    |p_v_value_3_reg_793                                                |  32|   0|   32|          0|
    |p_v_y_0_reg_738                                                    |  32|   0|   32|          0|
    |p_v_y_1_reg_743                                                    |  32|   0|   32|          0|
    |p_v_y_2_reg_748                                                    |  32|   0|   32|          0|
    |p_v_y_3_reg_753                                                    |  32|   0|   32|          0|
    |select_ln266_1_reg_867                                             |  32|   0|   32|          0|
    |select_ln266_2_reg_872                                             |  16|   0|   16|          0|
    |select_ln266_reg_862                                               |  32|   0|   32|          0|
    |select_ln267_1_reg_882                                             |  32|   0|   32|          0|
    |select_ln267_2_reg_887                                             |  16|   0|   16|          0|
    |select_ln267_reg_877                                               |  32|   0|   32|          0|
    |tile_to_dbuf_begin_0_reg_839                                       |  32|   0|   32|          0|
    |tile_to_dbuf_begin_1_reg_844                                       |  32|   0|   32|          0|
    |tile_to_dbuf_begin_2_reg_849                                       |  32|   0|   32|          0|
    |tile_to_dbuf_begin_3_reg_854                                       |  32|   0|   32|          0|
    +-------------------------------------------------------------------+----+----+-----+-----------+
    |Total                                                              | 629|   0|  629|          0|
    +-------------------------------------------------------------------+----+----+-----+-----------+



================================================================
== Interface
================================================================
* Summary: 
+----------------------+-----+-----+------------+--------------+--------------+
|       RTL Ports      | Dir | Bits|  Protocol  | Source Object|    C Type    |
+----------------------+-----+-----+------------+--------------+--------------+
|ap_clk                |   in|    1|  ap_ctrl_hs|     pu_kernel|  return value|
|ap_rst                |   in|    1|  ap_ctrl_hs|     pu_kernel|  return value|
|ap_start              |   in|    1|  ap_ctrl_hs|     pu_kernel|  return value|
|ap_done               |  out|    1|  ap_ctrl_hs|     pu_kernel|  return value|
|ap_idle               |  out|    1|  ap_ctrl_hs|     pu_kernel|  return value|
|ap_ready              |  out|    1|  ap_ctrl_hs|     pu_kernel|  return value|
|s_0_dout              |   in|  388|     ap_fifo|           s_0|       pointer|
|s_0_empty_n           |   in|    1|     ap_fifo|           s_0|       pointer|
|s_0_read              |  out|    1|     ap_fifo|           s_0|       pointer|
|m_axi_gmem3_AWVALID   |  out|    1|       m_axi|         gmem3|       pointer|
|m_axi_gmem3_AWREADY   |   in|    1|       m_axi|         gmem3|       pointer|
|m_axi_gmem3_AWADDR    |  out|   64|       m_axi|         gmem3|       pointer|
|m_axi_gmem3_AWID      |  out|    1|       m_axi|         gmem3|       pointer|
|m_axi_gmem3_AWLEN     |  out|   32|       m_axi|         gmem3|       pointer|
|m_axi_gmem3_AWSIZE    |  out|    3|       m_axi|         gmem3|       pointer|
|m_axi_gmem3_AWBURST   |  out|    2|       m_axi|         gmem3|       pointer|
|m_axi_gmem3_AWLOCK    |  out|    2|       m_axi|         gmem3|       pointer|
|m_axi_gmem3_AWCACHE   |  out|    4|       m_axi|         gmem3|       pointer|
|m_axi_gmem3_AWPROT    |  out|    3|       m_axi|         gmem3|       pointer|
|m_axi_gmem3_AWQOS     |  out|    4|       m_axi|         gmem3|       pointer|
|m_axi_gmem3_AWREGION  |  out|    4|       m_axi|         gmem3|       pointer|
|m_axi_gmem3_AWUSER    |  out|    1|       m_axi|         gmem3|       pointer|
|m_axi_gmem3_WVALID    |  out|    1|       m_axi|         gmem3|       pointer|
|m_axi_gmem3_WREADY    |   in|    1|       m_axi|         gmem3|       pointer|
|m_axi_gmem3_WDATA     |  out|   32|       m_axi|         gmem3|       pointer|
|m_axi_gmem3_WSTRB     |  out|    4|       m_axi|         gmem3|       pointer|
|m_axi_gmem3_WLAST     |  out|    1|       m_axi|         gmem3|       pointer|
|m_axi_gmem3_WID       |  out|    1|       m_axi|         gmem3|       pointer|
|m_axi_gmem3_WUSER     |  out|    1|       m_axi|         gmem3|       pointer|
|m_axi_gmem3_ARVALID   |  out|    1|       m_axi|         gmem3|       pointer|
|m_axi_gmem3_ARREADY   |   in|    1|       m_axi|         gmem3|       pointer|
|m_axi_gmem3_ARADDR    |  out|   64|       m_axi|         gmem3|       pointer|
|m_axi_gmem3_ARID      |  out|    1|       m_axi|         gmem3|       pointer|
|m_axi_gmem3_ARLEN     |  out|   32|       m_axi|         gmem3|       pointer|
|m_axi_gmem3_ARSIZE    |  out|    3|       m_axi|         gmem3|       pointer|
|m_axi_gmem3_ARBURST   |  out|    2|       m_axi|         gmem3|       pointer|
|m_axi_gmem3_ARLOCK    |  out|    2|       m_axi|         gmem3|       pointer|
|m_axi_gmem3_ARCACHE   |  out|    4|       m_axi|         gmem3|       pointer|
|m_axi_gmem3_ARPROT    |  out|    3|       m_axi|         gmem3|       pointer|
|m_axi_gmem3_ARQOS     |  out|    4|       m_axi|         gmem3|       pointer|
|m_axi_gmem3_ARREGION  |  out|    4|       m_axi|         gmem3|       pointer|
|m_axi_gmem3_ARUSER    |  out|    1|       m_axi|         gmem3|       pointer|
|m_axi_gmem3_RVALID    |   in|    1|       m_axi|         gmem3|       pointer|
|m_axi_gmem3_RREADY    |  out|    1|       m_axi|         gmem3|       pointer|
|m_axi_gmem3_RDATA     |   in|   32|       m_axi|         gmem3|       pointer|
|m_axi_gmem3_RLAST     |   in|    1|       m_axi|         gmem3|       pointer|
|m_axi_gmem3_RID       |   in|    1|       m_axi|         gmem3|       pointer|
|m_axi_gmem3_RFIFONUM  |   in|    9|       m_axi|         gmem3|       pointer|
|m_axi_gmem3_RUSER     |   in|    1|       m_axi|         gmem3|       pointer|
|m_axi_gmem3_RRESP     |   in|    2|       m_axi|         gmem3|       pointer|
|m_axi_gmem3_BVALID    |   in|    1|       m_axi|         gmem3|       pointer|
|m_axi_gmem3_BREADY    |  out|    1|       m_axi|         gmem3|       pointer|
|m_axi_gmem3_BRESP     |   in|    2|       m_axi|         gmem3|       pointer|
|m_axi_gmem3_BID       |   in|    1|       m_axi|         gmem3|       pointer|
|m_axi_gmem3_BUSER     |   in|    1|       m_axi|         gmem3|       pointer|
|B                     |   in|   64|     ap_none|             B|        scalar|
|K                     |   in|   30|     ap_none|             K|        scalar|
+----------------------+-----+-----+------------+--------------+--------------+

