

================================================================
== Vitis HLS Report for 'set_tile_broadcast'
================================================================
* Date:           Wed Sep  3 20:05:48 2025

* Version:        2022.2 (Build 3670227 on Oct 13 2022)
* Project:        spmm_prj
* Solution:       sol1 (Vivado IP Flow Target)
* Product family: virtexuplus
* Target device:  xcu280-fsvh2892-2L-e


================================================================
== Performance Estimates
================================================================
+ Timing: 
    * Summary: 
    +--------+---------+----------+------------+
    |  Clock |  Target | Estimated| Uncertainty|
    +--------+---------+----------+------------+
    |ap_clk  |  4.00 ns|  2.920 ns|     1.08 ns|
    +--------+---------+----------+------------+

+ Latency: 
    * Summary: 
    +---------+---------+----------+----------+-----+-----+---------+
    |  Latency (cycles) |  Latency (absolute) |  Interval | Pipeline|
    |   min   |   max   |    min   |    max   | min | max |   Type  |
    +---------+---------+----------+----------+-----+-----+---------+
    |       25|       25|  0.100 us|  0.100 us|   25|   25|       no|
    +---------+---------+----------+----------+-----+-----+---------+

    + Detail: 
        * Instance: 
        N/A

        * Loop: 
        N/A

============================================================
+ Verbose Summary: Synthesis Manager
============================================================
InlineROM: 1
ExposeGlobal: 0
============================================================
+ Verbose Summary: CDFG Model
============================================================
IsTopModel: 0
ResetActiveHigh: 1
IsCombinational: 0
IsDatapathOnly: 0
HasWiredReturn: 1
HasMFsm: 0
HasVarLatency: 1
IsPipeline: 0
IsRtlPipelined: 0
IsInstanceOverlapped: 0
IsDontTouch: 0
HasImplIP: 0
IsGatedGlobalClock: 0


============================================================
+ Verbose Summary: Schedule
============================================================
* Number of FSM states : 5
* Pipeline : 0
* Dataflow Pipeline: 0

* FSM state transitions: 
1 --> 2 
2 --> 3 
3 --> 4 
4 --> 5 
5 --> 

* FSM state operations: 

State 1 <SV = 0> <Delay = 0.00>
ST_1 : Operation 6 [1/1] (0.00ns)   --->   "%pkt_v_value_0_077_loc = alloca i64 1"   --->   Operation 6 'alloca' 'pkt_v_value_0_077_loc' <Predicate = true> <Delay = 0.00>
ST_1 : Operation 7 [1/1] (0.00ns)   --->   "%pkt_v_value_1_078_loc = alloca i64 1"   --->   Operation 7 'alloca' 'pkt_v_value_1_078_loc' <Predicate = true> <Delay = 0.00>
ST_1 : Operation 8 [1/1] (0.00ns)   --->   "%pkt_v_value_2_079_loc = alloca i64 1"   --->   Operation 8 'alloca' 'pkt_v_value_2_079_loc' <Predicate = true> <Delay = 0.00>
ST_1 : Operation 9 [1/1] (0.00ns)   --->   "%pkt_v_value_3_080_loc = alloca i64 1"   --->   Operation 9 'alloca' 'pkt_v_value_3_080_loc' <Predicate = true> <Delay = 0.00>
ST_1 : Operation 10 [1/1] (0.00ns)   --->   "%pkt_v_y_0_081_loc = alloca i64 1"   --->   Operation 10 'alloca' 'pkt_v_y_0_081_loc' <Predicate = true> <Delay = 0.00>
ST_1 : Operation 11 [1/1] (0.00ns)   --->   "%pkt_v_y_1_082_loc = alloca i64 1"   --->   Operation 11 'alloca' 'pkt_v_y_1_082_loc' <Predicate = true> <Delay = 0.00>
ST_1 : Operation 12 [1/1] (0.00ns)   --->   "%pkt_v_y_2_083_loc = alloca i64 1"   --->   Operation 12 'alloca' 'pkt_v_y_2_083_loc' <Predicate = true> <Delay = 0.00>
ST_1 : Operation 13 [1/1] (0.00ns)   --->   "%pkt_v_y_3_084_loc = alloca i64 1"   --->   Operation 13 'alloca' 'pkt_v_y_3_084_loc' <Predicate = true> <Delay = 0.00>
ST_1 : Operation 14 [1/1] (0.00ns)   --->   "%pkt_ref_0_085_loc = alloca i64 1"   --->   Operation 14 'alloca' 'pkt_ref_0_085_loc' <Predicate = true> <Delay = 0.00>
ST_1 : Operation 15 [1/1] (0.00ns)   --->   "%pkt_ref_1_086_loc = alloca i64 1"   --->   Operation 15 'alloca' 'pkt_ref_1_086_loc' <Predicate = true> <Delay = 0.00>
ST_1 : Operation 16 [1/1] (0.00ns)   --->   "%pkt_ref_2_087_loc = alloca i64 1"   --->   Operation 16 'alloca' 'pkt_ref_2_087_loc' <Predicate = true> <Delay = 0.00>
ST_1 : Operation 17 [1/1] (0.00ns)   --->   "%pkt_ref_3_088_loc = alloca i64 1"   --->   Operation 17 'alloca' 'pkt_ref_3_088_loc' <Predicate = true> <Delay = 0.00>
ST_1 : Operation 18 [1/1] (0.00ns)   --->   "%seen_v_loc = alloca i64 1"   --->   Operation 18 'alloca' 'seen_v_loc' <Predicate = true> <Delay = 0.00>
ST_1 : Operation 19 [1/1] (0.00ns)   --->   "%seen_v_1_loc = alloca i64 1"   --->   Operation 19 'alloca' 'seen_v_1_loc' <Predicate = true> <Delay = 0.00>
ST_1 : Operation 20 [1/1] (0.00ns)   --->   "%seen_v_2_loc = alloca i64 1"   --->   Operation 20 'alloca' 'seen_v_2_loc' <Predicate = true> <Delay = 0.00>
ST_1 : Operation 21 [1/1] (0.00ns)   --->   "%seen_v_3_loc = alloca i64 1"   --->   Operation 21 'alloca' 'seen_v_3_loc' <Predicate = true> <Delay = 0.00>
ST_1 : Operation 22 [2/2] (0.00ns)   --->   "%call_ln0 = call void @set_tile_broadcast_Pipeline_init_seen, i1 %seen_v_3_loc, i1 %seen_v_2_loc, i1 %seen_v_1_loc, i1 %seen_v_loc"   --->   Operation 22 'call' 'call_ln0' <Predicate = true> <Delay = 0.00> <CoreType = "Generic">   --->   Core 0 '' <Latency = 0> <II = 1> <Delay = 1.00> <Generic> <Opcode : >

State 2 <SV = 1> <Delay = 0.88>
ST_2 : Operation 23 [1/2] (0.88ns)   --->   "%call_ln0 = call void @set_tile_broadcast_Pipeline_init_seen, i1 %seen_v_3_loc, i1 %seen_v_2_loc, i1 %seen_v_1_loc, i1 %seen_v_loc"   --->   Operation 23 'call' 'call_ln0' <Predicate = true> <Delay = 0.88> <CoreType = "Generic">   --->   Core 0 '' <Latency = 0> <II = 1> <Delay = 1.00> <Generic> <Opcode : >

State 3 <SV = 2> <Delay = 2.12>
ST_3 : Operation 24 [1/1] (0.00ns)   --->   "%nnz_read = read i32 @_ssdm_op_Read.ap_auto.i32, i32 %nnz"   --->   Operation 24 'read' 'nnz_read' <Predicate = true> <Delay = 0.00>
ST_3 : Operation 25 [1/1] (0.00ns)   --->   "%pointer_read = read i32 @_ssdm_op_Read.ap_auto.i32, i32 %pointer"   --->   Operation 25 'read' 'pointer_read' <Predicate = true> <Delay = 0.00>
ST_3 : Operation 26 [1/1] (0.00ns)   --->   "%a_val_read = read i64 @_ssdm_op_Read.ap_auto.i64, i64 %a_val"   --->   Operation 26 'read' 'a_val_read' <Predicate = true> <Delay = 0.00>
ST_3 : Operation 27 [1/1] (0.00ns)   --->   "%col_idx_read = read i64 @_ssdm_op_Read.ap_auto.i64, i64 %col_idx"   --->   Operation 27 'read' 'col_idx_read' <Predicate = true> <Delay = 0.00>
ST_3 : Operation 28 [1/1] (0.00ns)   --->   "%seen_v_3_loc_load = load i1 %seen_v_3_loc"   --->   Operation 28 'load' 'seen_v_3_loc_load' <Predicate = true> <Delay = 0.00>
ST_3 : Operation 29 [1/1] (0.00ns)   --->   "%seen_v_2_loc_load = load i1 %seen_v_2_loc"   --->   Operation 29 'load' 'seen_v_2_loc_load' <Predicate = true> <Delay = 0.00>
ST_3 : Operation 30 [1/1] (0.00ns)   --->   "%seen_v_1_loc_load = load i1 %seen_v_1_loc"   --->   Operation 30 'load' 'seen_v_1_loc_load' <Predicate = true> <Delay = 0.00>
ST_3 : Operation 31 [1/1] (0.00ns)   --->   "%seen_v_loc_load = load i1 %seen_v_loc"   --->   Operation 31 'load' 'seen_v_loc_load' <Predicate = true> <Delay = 0.00>
ST_3 : Operation 32 [2/2] (2.12ns)   --->   "%call_ln0 = call void @set_tile_broadcast_Pipeline_copy_tile_loop, i1 %seen_v_3_loc_load, i1 %seen_v_2_loc_load, i1 %seen_v_1_loc_load, i1 %seen_v_loc_load, i32 %pointer_read, i32 %nnz_read, i64 %a_val_read, i32 %gmem2, i64 %col_idx_read, i32 %gmem1, i1 %pkt_ref_3_088_loc, i1 %pkt_ref_2_087_loc, i1 %pkt_ref_1_086_loc, i1 %pkt_ref_0_085_loc, i32 %pkt_v_y_3_084_loc, i32 %pkt_v_y_2_083_loc, i32 %pkt_v_y_1_082_loc, i32 %pkt_v_y_0_081_loc, i32 %pkt_v_value_3_080_loc, i32 %pkt_v_value_2_079_loc, i32 %pkt_v_value_1_078_loc, i32 %pkt_v_value_0_077_loc"   --->   Operation 32 'call' 'call_ln0' <Predicate = true> <Delay = 2.12> <CoreType = "Generic">   --->   Core 0 '' <Latency = 0> <II = 1> <Delay = 1.00> <Generic> <Opcode : >

State 4 <SV = 3> <Delay = 0.00>
ST_4 : Operation 33 [1/2] (0.00ns)   --->   "%call_ln0 = call void @set_tile_broadcast_Pipeline_copy_tile_loop, i1 %seen_v_3_loc_load, i1 %seen_v_2_loc_load, i1 %seen_v_1_loc_load, i1 %seen_v_loc_load, i32 %pointer_read, i32 %nnz_read, i64 %a_val_read, i32 %gmem2, i64 %col_idx_read, i32 %gmem1, i1 %pkt_ref_3_088_loc, i1 %pkt_ref_2_087_loc, i1 %pkt_ref_1_086_loc, i1 %pkt_ref_0_085_loc, i32 %pkt_v_y_3_084_loc, i32 %pkt_v_y_2_083_loc, i32 %pkt_v_y_1_082_loc, i32 %pkt_v_y_0_081_loc, i32 %pkt_v_value_3_080_loc, i32 %pkt_v_value_2_079_loc, i32 %pkt_v_value_1_078_loc, i32 %pkt_v_value_0_077_loc"   --->   Operation 33 'call' 'call_ln0' <Predicate = true> <Delay = 0.00> <CoreType = "Generic">   --->   Core 0 '' <Latency = 0> <II = 1> <Delay = 1.00> <Generic> <Opcode : >

State 5 <SV = 4> <Delay = 1.23>
ST_5 : Operation 34 [1/1] (0.00ns)   --->   "%specinterface_ln0 = specinterface void @_ssdm_op_SpecInterface, i388 %s_3, void @empty_22, i32 0, i32 0, void @empty_15, i32 0, i32 0, void @empty_15, void @empty_15, void @empty_15, i32 0, i32 0, i32 0, i32 0, void @empty_15, void @empty_15, i32 4294967295, i32 0"   --->   Operation 34 'specinterface' 'specinterface_ln0' <Predicate = true> <Delay = 0.00>
ST_5 : Operation 35 [1/1] (0.00ns)   --->   "%specinterface_ln0 = specinterface void @_ssdm_op_SpecInterface, i388 %s_2, void @empty_22, i32 0, i32 0, void @empty_15, i32 0, i32 0, void @empty_15, void @empty_15, void @empty_15, i32 0, i32 0, i32 0, i32 0, void @empty_15, void @empty_15, i32 4294967295, i32 0"   --->   Operation 35 'specinterface' 'specinterface_ln0' <Predicate = true> <Delay = 0.00>
ST_5 : Operation 36 [1/1] (0.00ns)   --->   "%specinterface_ln0 = specinterface void @_ssdm_op_SpecInterface, i388 %s_1, void @empty_22, i32 0, i32 0, void @empty_15, i32 0, i32 0, void @empty_15, void @empty_15, void @empty_15, i32 0, i32 0, i32 0, i32 0, void @empty_15, void @empty_15, i32 4294967295, i32 0"   --->   Operation 36 'specinterface' 'specinterface_ln0' <Predicate = true> <Delay = 0.00>
ST_5 : Operation 37 [1/1] (0.00ns)   --->   "%specinterface_ln0 = specinterface void @_ssdm_op_SpecInterface, i388 %s_0, void @empty_22, i32 0, i32 0, void @empty_15, i32 0, i32 0, void @empty_15, void @empty_15, void @empty_15, i32 0, i32 0, i32 0, i32 0, void @empty_15, void @empty_15, i32 4294967295, i32 0"   --->   Operation 37 'specinterface' 'specinterface_ln0' <Predicate = true> <Delay = 0.00>
ST_5 : Operation 38 [1/1] (0.00ns)   --->   "%specinterface_ln0 = specinterface void @_ssdm_op_SpecInterface, i32 %gmem2, void @empty_37, i32 0, i32 0, void @empty_15, i32 0, i32 0, void @empty, void @empty_26, void @empty_15, i32 16, i32 16, i32 16, i32 16, void @empty_15, void @empty_15, i32 4294967295, i32 0"   --->   Operation 38 'specinterface' 'specinterface_ln0' <Predicate = true> <Delay = 0.00>
ST_5 : Operation 39 [1/1] (0.00ns)   --->   "%specinterface_ln0 = specinterface void @_ssdm_op_SpecInterface, i32 %gmem1, void @empty_37, i32 0, i32 0, void @empty_15, i32 0, i32 0, void @empty_14, void @empty_26, void @empty_15, i32 16, i32 16, i32 16, i32 16, void @empty_15, void @empty_15, i32 4294967295, i32 0"   --->   Operation 39 'specinterface' 'specinterface_ln0' <Predicate = true> <Delay = 0.00>
ST_5 : Operation 40 [1/1] (0.00ns)   --->   "%pkt_ref_3_088_loc_load = load i1 %pkt_ref_3_088_loc"   --->   Operation 40 'load' 'pkt_ref_3_088_loc_load' <Predicate = true> <Delay = 0.00>
ST_5 : Operation 41 [1/1] (0.00ns)   --->   "%pkt_ref_2_087_loc_load = load i1 %pkt_ref_2_087_loc"   --->   Operation 41 'load' 'pkt_ref_2_087_loc_load' <Predicate = true> <Delay = 0.00>
ST_5 : Operation 42 [1/1] (0.00ns)   --->   "%pkt_ref_1_086_loc_load = load i1 %pkt_ref_1_086_loc"   --->   Operation 42 'load' 'pkt_ref_1_086_loc_load' <Predicate = true> <Delay = 0.00>
ST_5 : Operation 43 [1/1] (0.00ns)   --->   "%pkt_ref_0_085_loc_load = load i1 %pkt_ref_0_085_loc"   --->   Operation 43 'load' 'pkt_ref_0_085_loc_load' <Predicate = true> <Delay = 0.00>
ST_5 : Operation 44 [1/1] (0.00ns)   --->   "%pkt_v_y_3_084_loc_load = load i32 %pkt_v_y_3_084_loc"   --->   Operation 44 'load' 'pkt_v_y_3_084_loc_load' <Predicate = true> <Delay = 0.00>
ST_5 : Operation 45 [1/1] (0.00ns)   --->   "%pkt_v_y_2_083_loc_load = load i32 %pkt_v_y_2_083_loc"   --->   Operation 45 'load' 'pkt_v_y_2_083_loc_load' <Predicate = true> <Delay = 0.00>
ST_5 : Operation 46 [1/1] (0.00ns)   --->   "%pkt_v_y_1_082_loc_load = load i32 %pkt_v_y_1_082_loc"   --->   Operation 46 'load' 'pkt_v_y_1_082_loc_load' <Predicate = true> <Delay = 0.00>
ST_5 : Operation 47 [1/1] (0.00ns)   --->   "%pkt_v_y_0_081_loc_load = load i32 %pkt_v_y_0_081_loc"   --->   Operation 47 'load' 'pkt_v_y_0_081_loc_load' <Predicate = true> <Delay = 0.00>
ST_5 : Operation 48 [1/1] (0.00ns)   --->   "%pkt_v_value_3_080_loc_load = load i32 %pkt_v_value_3_080_loc"   --->   Operation 48 'load' 'pkt_v_value_3_080_loc_load' <Predicate = true> <Delay = 0.00>
ST_5 : Operation 49 [1/1] (0.00ns)   --->   "%pkt_v_value_2_079_loc_load = load i32 %pkt_v_value_2_079_loc"   --->   Operation 49 'load' 'pkt_v_value_2_079_loc_load' <Predicate = true> <Delay = 0.00>
ST_5 : Operation 50 [1/1] (0.00ns)   --->   "%pkt_v_value_1_078_loc_load = load i32 %pkt_v_value_1_078_loc"   --->   Operation 50 'load' 'pkt_v_value_1_078_loc_load' <Predicate = true> <Delay = 0.00>
ST_5 : Operation 51 [1/1] (0.00ns)   --->   "%pkt_v_value_0_077_loc_load = load i32 %pkt_v_value_0_077_loc"   --->   Operation 51 'load' 'pkt_v_value_0_077_loc_load' <Predicate = true> <Delay = 0.00>
ST_5 : Operation 52 [1/1] (0.00ns)   --->   "%bitcast_ln96 = bitcast i32 %pkt_v_value_0_077_loc_load" [src/spmm_device_fpga.cpp:96]   --->   Operation 52 'bitcast' 'bitcast_ln96' <Predicate = true> <Delay = 0.00>
ST_5 : Operation 53 [1/1] (0.00ns)   --->   "%bitcast_ln96_1 = bitcast i32 %pkt_v_value_1_078_loc_load" [src/spmm_device_fpga.cpp:96]   --->   Operation 53 'bitcast' 'bitcast_ln96_1' <Predicate = true> <Delay = 0.00>
ST_5 : Operation 54 [1/1] (0.00ns)   --->   "%bitcast_ln96_2 = bitcast i32 %pkt_v_value_2_079_loc_load" [src/spmm_device_fpga.cpp:96]   --->   Operation 54 'bitcast' 'bitcast_ln96_2' <Predicate = true> <Delay = 0.00>
ST_5 : Operation 55 [1/1] (0.00ns)   --->   "%bitcast_ln96_3 = bitcast i32 %pkt_v_value_3_080_loc_load" [src/spmm_device_fpga.cpp:96]   --->   Operation 55 'bitcast' 'bitcast_ln96_3' <Predicate = true> <Delay = 0.00>
ST_5 : Operation 56 [1/1] (0.00ns)   --->   "%p_0 = bitconcatenate i388 @_ssdm_op_BitConcatenate.i388.i1.i1.i1.i1.i32.i32.i32.i32.i32.i32.i32.i32.i32.i32.i32.i32, i1 %pkt_ref_3_088_loc_load, i1 %pkt_ref_2_087_loc_load, i1 %pkt_ref_1_086_loc_load, i1 %pkt_ref_0_085_loc_load, i32 %pkt_v_y_3_084_loc_load, i32 0, i32 %bitcast_ln96_3, i32 %pkt_v_y_2_083_loc_load, i32 0, i32 %bitcast_ln96_2, i32 %pkt_v_y_1_082_loc_load, i32 0, i32 %bitcast_ln96_1, i32 %pkt_v_y_0_081_loc_load, i32 0, i32 %bitcast_ln96" [src/spmm_device_fpga.cpp:96]   --->   Operation 56 'bitconcatenate' 'p_0' <Predicate = true> <Delay = 0.00>
ST_5 : Operation 57 [1/1] (1.23ns)   --->   "%write_ln96 = write void @_ssdm_op_Write.ap_fifo.volatile.i388P0A, i388 %s_0, i388 %p_0" [src/spmm_device_fpga.cpp:96]   --->   Operation 57 'write' 'write_ln96' <Predicate = true> <Delay = 1.23> <CoreInst = "FIFO">   --->   Core 78 'FIFO' <Latency = 0> <II = 1> <Delay = 1.23> <Storage> <Opcode : 'read' 'write' 'nbread' 'nbwrite'> <Ports = 0> <Width = 388> <Depth = 16> <FIFO>
ST_5 : Operation 58 [1/1] (1.23ns)   --->   "%write_ln96 = write void @_ssdm_op_Write.ap_fifo.volatile.i388P0A, i388 %s_1, i388 %p_0" [src/spmm_device_fpga.cpp:96]   --->   Operation 58 'write' 'write_ln96' <Predicate = true> <Delay = 1.23> <CoreInst = "FIFO">   --->   Core 78 'FIFO' <Latency = 0> <II = 1> <Delay = 1.23> <Storage> <Opcode : 'read' 'write' 'nbread' 'nbwrite'> <Ports = 0> <Width = 388> <Depth = 16> <FIFO>
ST_5 : Operation 59 [1/1] (1.23ns)   --->   "%write_ln96 = write void @_ssdm_op_Write.ap_fifo.volatile.i388P0A, i388 %s_2, i388 %p_0" [src/spmm_device_fpga.cpp:96]   --->   Operation 59 'write' 'write_ln96' <Predicate = true> <Delay = 1.23> <CoreInst = "FIFO">   --->   Core 78 'FIFO' <Latency = 0> <II = 1> <Delay = 1.23> <Storage> <Opcode : 'read' 'write' 'nbread' 'nbwrite'> <Ports = 0> <Width = 388> <Depth = 16> <FIFO>
ST_5 : Operation 60 [1/1] (1.23ns)   --->   "%write_ln96 = write void @_ssdm_op_Write.ap_fifo.volatile.i388P0A, i388 %s_3, i388 %p_0" [src/spmm_device_fpga.cpp:96]   --->   Operation 60 'write' 'write_ln96' <Predicate = true> <Delay = 1.23> <CoreInst = "FIFO">   --->   Core 78 'FIFO' <Latency = 0> <II = 1> <Delay = 1.23> <Storage> <Opcode : 'read' 'write' 'nbread' 'nbwrite'> <Ports = 0> <Width = 388> <Depth = 16> <FIFO>
ST_5 : Operation 61 [1/1] (0.00ns)   --->   "%ret_ln98 = ret" [src/spmm_device_fpga.cpp:98]   --->   Operation 61 'ret' 'ret_ln98' <Predicate = true> <Delay = 0.00>


============================================================
+ Verbose Summary: Timing violations
============================================================
Target clock period: 4ns, clock uncertainty: 1.08ns.

 <State 1>: 0ns
The critical path consists of the following:

 <State 2>: 0.887ns
The critical path consists of the following:
	'call' operation ('call_ln0') to 'set_tile_broadcast_Pipeline_init_seen' [37]  (0.887 ns)

 <State 3>: 2.13ns
The critical path consists of the following:
	wire read operation ('nnz_read') on port 'nnz' [11]  (0 ns)
	'call' operation ('call_ln0') to 'set_tile_broadcast_Pipeline_copy_tile_loop' [42]  (2.13 ns)

 <State 4>: 0ns
The critical path consists of the following:

 <State 5>: 1.23ns
The critical path consists of the following:
	'load' operation ('pkt_ref_3_088_loc_load') on local variable 'pkt_ref_3_088_loc' [43]  (0 ns)
	fifo write operation ('write_ln96', src/spmm_device_fpga.cpp:96) on port 's_0' (src/spmm_device_fpga.cpp:96) [60]  (1.23 ns)


============================================================
+ Verbose Summary: Binding
============================================================
N/A
* FSMD analyzer results:
  - Output states:
 - Input state : 
  - Chain level:
	State 1
	State 2
	State 3
	State 4
	State 5


============================================================
+ Verbose Summary: Datapath Resource usage 
============================================================
N/A
